Component: Arm Compiler for Embedded 6.19 Tool: armlink [5e73cb00]

==============================================================================

Section Cross References

    system_stm32l1xx.o(.ARM.exidx.text.SystemInit) refers to system_stm32l1xx.o(.text.SystemInit) for [Anonymous Symbol]
    system_stm32l1xx.o(.text.SystemCoreClockUpdate) refers to system_stm32l1xx.o(.rodata.PLLMulTable) for PLLMulTable
    system_stm32l1xx.o(.text.SystemCoreClockUpdate) refers to system_stm32l1xx.o(.data.SystemCoreClock) for SystemCoreClock
    system_stm32l1xx.o(.text.SystemCoreClockUpdate) refers to system_stm32l1xx.o(.rodata.AHBPrescTable) for AHBPrescTable
    system_stm32l1xx.o(.ARM.exidx.text.SystemCoreClockUpdate) refers to system_stm32l1xx.o(.text.SystemCoreClockUpdate) for [Anonymous Symbol]
    startup_stm32l152xb.o(STACK) refers (Special) to heapauxi.o(.text) for __use_two_region_memory
    startup_stm32l152xb.o(HEAP) refers (Special) to heapauxi.o(.text) for __use_two_region_memory
    startup_stm32l152xb.o(RESET) refers (Special) to heapauxi.o(.text) for __use_two_region_memory
    startup_stm32l152xb.o(RESET) refers to startup_stm32l152xb.o(STACK) for __initial_sp
    startup_stm32l152xb.o(RESET) refers to startup_stm32l152xb.o(.text) for Reset_Handler
    startup_stm32l152xb.o(.text) refers (Special) to heapauxi.o(.text) for __use_two_region_memory
    startup_stm32l152xb.o(.text) refers to system_stm32l1xx.o(.text.SystemInit) for SystemInit
    startup_stm32l152xb.o(.text) refers to __main.o(!!!main) for __main
    startup_stm32l152xb.o(.text) refers to startup_stm32l152xb.o(HEAP) for Heap_Mem
    startup_stm32l152xb.o(.text) refers to startup_stm32l152xb.o(STACK) for Stack_Mem
    main.o(.text) refers (Special) to _printf_percent.o(.ARM.Collect$$_printf_percent$$00000000) for _printf_percent
    main.o(.text) refers (Special) to _printf_d.o(.ARM.Collect$$_printf_percent$$00000009) for _printf_d
    main.o(.text) refers (Special) to _printf_dec.o(.text) for _printf_int_dec
    main.o(.text.main) refers (Special) to _printf_percent.o(.ARM.Collect$$_printf_percent$$00000000) for _printf_percent
    main.o(.text.main) refers (Special) to _printf_d.o(.ARM.Collect$$_printf_percent$$00000009) for _printf_d
    main.o(.text.main) refers (Special) to _printf_dec.o(.text) for _printf_int_dec
    main.o(.text.main) refers to main.o(.text.SystemClock_Config) for SystemClock_Config
    main.o(.text.main) refers to main.o(.text.PA12_gpio_config) for PA12_gpio_config
    main.o(.text.main) refers to main.o(.text.PC12_gpio_config) for PC12_gpio_config
    main.o(.text.main) refers to main.o(.text.PD2_gpio_config) for PD2_gpio_config
    main.o(.text.main) refers to main.o(.text.PA4_ADC_config) for PA4_ADC_config
    main.o(.text.main) refers to stm32l152_glass_lcd.o(.text.LCD_GLASS_Init) for LCD_GLASS_Init
    main.o(.text.main) refers to main.o(.text.USART_Config) for USART_Config
    main.o(.text.main) refers to noretval__2sprintf.o(.text) for __2sprintf
    main.o(.text.main) refers to stm32l152_glass_lcd.o(.text.LCD_GLASS_DisplayString) for LCD_GLASS_DisplayString
    main.o(.text.main) refers to main.o(.text.USART_SendString) for USART_SendString
    main.o(.text.main) refers to main.o(.bss..L_MergedGlobals) for [Anonymous Symbol]
    main.o(.ARM.exidx.text.main) refers (Special) to _printf_percent.o(.ARM.Collect$$_printf_percent$$00000000) for _printf_percent
    main.o(.ARM.exidx.text.main) refers (Special) to _printf_d.o(.ARM.Collect$$_printf_percent$$00000009) for _printf_d
    main.o(.ARM.exidx.text.main) refers (Special) to _printf_dec.o(.text) for _printf_int_dec
    main.o(.ARM.exidx.text.main) refers to main.o(.text.main) for [Anonymous Symbol]
    main.o(.text.SystemClock_Config) refers (Special) to _printf_percent.o(.ARM.Collect$$_printf_percent$$00000000) for _printf_percent
    main.o(.text.SystemClock_Config) refers (Special) to _printf_d.o(.ARM.Collect$$_printf_percent$$00000009) for _printf_d
    main.o(.text.SystemClock_Config) refers (Special) to _printf_dec.o(.text) for _printf_int_dec
    main.o(.text.SystemClock_Config) refers to stm32l1xx_ll_utils.o(.text.LL_Init1msTick) for LL_Init1msTick
    main.o(.text.SystemClock_Config) refers to stm32l1xx_ll_utils.o(.text.LL_SetSystemCoreClock) for LL_SetSystemCoreClock
    main.o(.ARM.exidx.text.SystemClock_Config) refers (Special) to _printf_percent.o(.ARM.Collect$$_printf_percent$$00000000) for _printf_percent
    main.o(.ARM.exidx.text.SystemClock_Config) refers (Special) to _printf_d.o(.ARM.Collect$$_printf_percent$$00000009) for _printf_d
    main.o(.ARM.exidx.text.SystemClock_Config) refers (Special) to _printf_dec.o(.text) for _printf_int_dec
    main.o(.ARM.exidx.text.SystemClock_Config) refers to main.o(.text.SystemClock_Config) for [Anonymous Symbol]
    main.o(.text.USART_Config) refers (Special) to _printf_percent.o(.ARM.Collect$$_printf_percent$$00000000) for _printf_percent
[...]
    __printf_flags_ss.o(.text) refers to __printf_flags_ss.o(.constdata) for .constdata
    __printf_wp.o(.text) refers to __printf_wp.o(i._is_digit) for _is_digit
    __printf_wp.o(.text) refers to _printf_percent.o(.ARM.Collect$$_printf_percent$$00000000) for _printf_percent
    __printf_flags_wp.o(.text) refers to __printf_wp.o(i._is_digit) for _is_digit
    __printf_flags_wp.o(.text) refers to _printf_percent.o(.ARM.Collect$$_printf_percent$$00000000) for _printf_percent
    __printf_flags_wp.o(.text) refers to __printf_flags_wp.o(.constdata) for .constdata
    __printf_ss_wp.o(.text) refers to __printf_wp.o(i._is_digit) for _is_digit
    __printf_ss_wp.o(.text) refers to _printf_percent.o(.ARM.Collect$$_printf_percent$$00000000) for _printf_percent
    __printf_flags_ss_wp.o(.text) refers to __printf_wp.o(i._is_digit) for _is_digit
    __printf_flags_ss_wp.o(.text) refers to _printf_percent.o(.ARM.Collect$$_printf_percent$$00000000) for _printf_percent
    __printf_flags_ss_wp.o(.text) refers to __printf_flags_ss_wp.o(.constdata) for .constdata
    _printf_d.o(.ARM.Collect$$_printf_percent$$00000009) refers (Weak) to _printf_dec.o(.text) for _printf_int_dec
    _printf_percent.o(.ARM.Collect$$_printf_percent$$00000000) refers (Special) to _printf_percent_end.o(.ARM.Collect$$_printf_percent$$00000017) for _printf_percent_end
    __main.o(!!!main) refers to __rtentry.o(.ARM.Collect$$rtentry$$00000000) for __rt_entry
    __rtentry.o(.ARM.Collect$$rtentry$$00000000) refers (Special) to __rtentry2.o(.ARM.Collect$$rtentry$$0000000A) for __rt_entry_li
    __rtentry.o(.ARM.Collect$$rtentry$$00000000) refers (Special) to __rtentry2.o(.ARM.Collect$$rtentry$$0000000D) for __rt_entry_main
    __rtentry.o(.ARM.Collect$$rtentry$$00000000) refers (Special) to __rtentry2.o(.ARM.Collect$$rtentry$$0000000C) for __rt_entry_postli_1
    __rtentry.o(.ARM.Collect$$rtentry$$00000000) refers (Special) to __rtentry2.o(.ARM.Collect$$rtentry$$00000009) for __rt_entry_postsh_1
    __rtentry.o(.ARM.Collect$$rtentry$$00000000) refers (Special) to __rtentry2.o(.ARM.Collect$$rtentry$$00000002) for __rt_entry_presh_1
    __rtentry.o(.ARM.Collect$$rtentry$$00000000) refers (Special) to __rtentry4.o(.ARM.Collect$$rtentry$$00000004) for __rt_entry_sh
    _printf_char_common.o(.text) refers to __printf.o(.text) for __printf
    __rtentry2.o(.ARM.Collect$$rtentry$$00000008) refers to boardinit2.o(.text) for _platform_post_stackheap_init
    __rtentry2.o(.ARM.Collect$$rtentry$$0000000A) refers to libinit.o(.ARM.Collect$$libinit$$00000000) for __rt_lib_init
    __rtentry2.o(.ARM.Collect$$rtentry$$0000000B) refers to boardinit3.o(.text) for _platform_post_lib_init
    __rtentry2.o(.ARM.Collect$$rtentry$$0000000D) refers to main.o(.text.main) for main
    __rtentry2.o(.ARM.Collect$$rtentry$$0000000D) refers to exit.o(.text) for exit
    __rtentry2.o(.ARM.exidx) refers to __rtentry2.o(.ARM.Collect$$rtentry$$00000001) for .ARM.Collect$$rtentry$$00000001
    __rtentry2.o(.ARM.exidx) refers to __rtentry2.o(.ARM.Collect$$rtentry$$00000008) for .ARM.Collect$$rtentry$$00000008
    __rtentry2.o(.ARM.exidx) refers to __rtentry2.o(.ARM.Collect$$rtentry$$0000000A) for .ARM.Collect$$rtentry$$0000000A
    __rtentry2.o(.ARM.exidx) refers to __rtentry2.o(.ARM.Collect$$rtentry$$0000000B) for .ARM.Collect$$rtentry$$0000000B
    __rtentry2.o(.ARM.exidx) refers to __rtentry2.o(.ARM.Collect$$rtentry$$0000000D) for .ARM.Collect$$rtentry$$0000000D
    __rtentry4.o(.ARM.Collect$$rtentry$$00000004) refers to sys_stackheap_outer.o(.text) for __user_setup_stackheap
    __rtentry4.o(.ARM.exidx) refers to __rtentry4.o(.ARM.Collect$$rtentry$$00000004) for .ARM.Collect$$rtentry$$00000004
    sys_stackheap_outer.o(.text) refers to libspace.o(.text) for __user_perproc_libspace
    sys_stackheap_outer.o(.text) refers to startup_stm32l152xb.o(.text) for __user_initial_stackheap
    exit.o(.text) refers to rtexit.o(.ARM.Collect$$rtexit$$00000000) for __rt_exit
    libinit.o(.ARM.Collect$$libinit$$00000000) refers (Special) to libinit2.o(.ARM.Collect$$libinit$$00000030) for __rt_lib_init_alloca_1
    libinit.o(.ARM.Collect$$libinit$$00000000) refers (Special) to libinit2.o(.ARM.Collect$$libinit$$0000002E) for __rt_lib_init_argv_1
    libinit.o(.ARM.Collect$$libinit$$00000000) refers (Special) to libinit2.o(.ARM.Collect$$libinit$$0000001D) for __rt_lib_init_atexit_1
    libinit.o(.ARM.Collect$$libinit$$00000000) refers (Special) to libinit2.o(.ARM.Collect$$libinit$$00000023) for __rt_lib_init_clock_1
    libinit.o(.ARM.Collect$$libinit$$00000000) refers (Special) to libinit2.o(.ARM.Collect$$libinit$$00000034) for __rt_lib_init_cpp_1
    libinit.o(.ARM.Collect$$libinit$$00000000) refers (Special) to libinit2.o(.ARM.Collect$$libinit$$00000032) for __rt_lib_init_exceptions_1
    libinit.o(.ARM.Collect$$libinit$$00000000) refers (Special) to libinit2.o(.ARM.Collect$$libinit$$00000002) for __rt_lib_init_fp_1
    libinit.o(.ARM.Collect$$libinit$$00000000) refers (Special) to libinit2.o(.ARM.Collect$$libinit$$00000021) for __rt_lib_init_fp_trap_1
    libinit.o(.ARM.Collect$$libinit$$00000000) refers (Special) to libinit2.o(.ARM.Collect$$libinit$$00000025) for __rt_lib_init_getenv_1
    libinit.o(.ARM.Collect$$libinit$$00000000) refers (Special) to libinit2.o(.ARM.Collect$$libinit$$0000000C) for __rt_lib_init_heap_1
    libinit.o(.ARM.Collect$$libinit$$00000000) refers (Special) to libinit2.o(.ARM.Collect$$libinit$$00000013) for __rt_lib_init_lc_collate_1
    libinit.o(.ARM.Collect$$libinit$$00000000) refers (Special) to libinit2.o(.ARM.Collect$$libinit$$00000015) for __rt_lib_init_lc_ctype_1
    libinit.o(.ARM.Collect$$libinit$$00000000) refers (Special) to libinit2.o(.ARM.Collect$$libinit$$00000017) for __rt_lib_init_lc_monetary_1
    libinit.o(.ARM.Collect$$libinit$$00000000) refers (Special) to libinit2.o(.ARM.Collect$$libinit$$00000019) for __rt_lib_init_lc_numeric_1
    libinit.o(.ARM.Collect$$libinit$$00000000) refers (Special) to libinit2.o(.ARM.Collect$$libinit$$0000001B) for __rt_lib_init_lc_time_1
    libinit.o(.ARM.Collect$$libinit$$00000000) refers (Special) to libinit2.o(.ARM.Collect$$libinit$$00000006) for __rt_lib_init_preinit_1
    libinit.o(.ARM.Collect$$libinit$$00000000) refers (Special) to libinit2.o(.ARM.Collect$$libinit$$00000010) for __rt_lib_init_rand_1
    libinit.o(.ARM.Collect$$libinit$$00000000) refers (Special) to libinit2.o(.ARM.Collect$$libinit$$00000004) for __rt_lib_init_relocate_pie_1
    libinit.o(.ARM.Collect$$libinit$$00000000) refers (Special) to libinit2.o(.ARM.Collect$$libinit$$00000035) for __rt_lib_init_return
    libinit.o(.ARM.Collect$$libinit$$00000000) refers (Special) to libinit2.o(.ARM.Collect$$libinit$$0000001F) for __rt_lib_init_signal_1
    libinit.o(.ARM.Collect$$libinit$$00000000) refers (Special) to libinit2.o(.ARM.Collect$$libinit$$00000027) for __rt_lib_init_stdio_1
    libinit.o(.ARM.Collect$$libinit$$00000000) refers (Special) to libinit2.o(.ARM.Collect$$libinit$$0000000E) for __rt_lib_init_user_alloc_1
    libspace.o(.text) refers to libspace.o(.bss) for __libspace_start
    rtexit.o(.ARM.Collect$$rtexit$$00000000) refers (Special) to rtexit2.o(.ARM.Collect$$rtexit$$00000004) for __rt_exit_exit
    rtexit.o(.ARM.Collect$$rtexit$$00000000) refers (Special) to rtexit2.o(.ARM.Collect$$rtexit$$00000003) for __rt_exit_ls
    rtexit.o(.ARM.Collect$$rtexit$$00000000) refers (Special) to rtexit2.o(.ARM.Collect$$rtexit$$00000002) for __rt_exit_prels_1
    rtexit.o(.ARM.exidx) refers (Special) to rtexit2.o(.ARM.Collect$$rtexit$$00000004) for __rt_exit_exit
    rtexit.o(.ARM.exidx) refers (Special) to rtexit2.o(.ARM.Collect$$rtexit$$00000003) for __rt_exit_ls
    rtexit.o(.ARM.exidx) refers (Special) to rtexit2.o(.ARM.Collect$$rtexit$$00000002) for __rt_exit_prels_1
    rtexit.o(.ARM.exidx) refers to rtexit.o(.ARM.Collect$$rtexit$$00000000) for .ARM.Collect$$rtexit$$00000000
    libinit2.o(.ARM.Collect$$libinit$$00000012) refers to libinit2.o(.ARM.Collect$$libinit$$00000011) for .ARM.Collect$$libinit$$00000011
    libinit2.o(.ARM.Collect$$libinit$$00000014) refers to libinit2.o(.ARM.Collect$$libinit$$00000011) for .ARM.Collect$$libinit$$00000011
    libinit2.o(.ARM.Collect$$libinit$$00000016) refers to libinit2.o(.ARM.Collect$$libinit$$00000011) for .ARM.Collect$$libinit$$00000011
    libinit2.o(.ARM.Collect$$libinit$$00000018) refers to libinit2.o(.ARM.Collect$$libinit$$00000011) for .ARM.Collect$$libinit$$00000011
    libinit2.o(.ARM.Collect$$libinit$$0000001A) refers to libinit2.o(.ARM.Collect$$libinit$$00000011) for .ARM.Collect$$libinit$$00000011
    libinit2.o(.ARM.Collect$$libinit$$00000028) refers to argv_veneer.o(.emb_text) for __ARM_argv_veneer
    libinit2.o(.ARM.Collect$$libinit$$00000029) refers to argv_veneer.o(.emb_text) for __ARM_argv_veneer
    rtexit2.o(.ARM.Collect$$rtexit$$00000003) refers to libshutdown.o(.ARM.Collect$$libshutdown$$00000000) for __rt_lib_shutdown
    rtexit2.o(.ARM.Collect$$rtexit$$00000004) refers to sys_exit.o(.text) for _sys_exit
    rtexit2.o(.ARM.exidx) refers to rtexit2.o(.ARM.Collect$$rtexit$$00000001) for .ARM.Collect$$rtexit$$00000001
    rtexit2.o(.ARM.exidx) refers to rtexit2.o(.ARM.Collect$$rtexit$$00000003) for .ARM.Collect$$rtexit$$00000003
    rtexit2.o(.ARM.exidx) refers to rtexit2.o(.ARM.Collect$$rtexit$$00000004) for .ARM.Collect$$rtexit$$00000004
    argv_veneer.o(.emb_text) refers to no_argv.o(.text) for __ARM_get_argv
    sys_exit.o(.text) refers (Special) to use_no_semi.o(.text) for __I$use$semihosting
    sys_exit.o(.text) refers (Special) to indicate_semi.o(.text) for __semihosting_library_function
    sys_exit_hlt.o(.text) refers (Special) to use_no_semi.o(.text) for __I$use$semihosting
    sys_exit_hlt.o(.text) refers (Special) to indicate_semi.o(.text) for __semihosting_library_function
    _get_argv_nomalloc.o(.text) refers (Special) to hrguard.o(.text) for __heap_region$guard
    _get_argv_nomalloc.o(.text) refers to defsig_rtmem_outer.o(.text) for __rt_SIGRTMEM
    _get_argv_nomalloc.o(.text) refers to sys_command.o(.text) for _sys_command_string
    libshutdown.o(.ARM.Collect$$libshutdown$$00000000) refers (Special) to libshutdown2.o(.ARM.Collect$$libshutdown$$00000002) for __rt_lib_shutdown_cpp_1
    libshutdown.o(.ARM.Collect$$libshutdown$$00000000) refers (Special) to libshutdown2.o(.ARM.Collect$$libshutdown$$00000007) for __rt_lib_shutdown_fp_trap_1
    libshutdown.o(.ARM.Collect$$libshutdown$$00000000) refers (Special) to libshutdown2.o(.ARM.Collect$$libshutdown$$0000000F) for __rt_lib_shutdown_heap_1
    libshutdown.o(.ARM.Collect$$libshutdown$$00000000) refers (Special) to libshutdown2.o(.ARM.Collect$$libshutdown$$00000010) for __rt_lib_shutdown_return
    libshutdown.o(.ARM.Collect$$libshutdown$$00000000) refers (Special) to libshutdown2.o(.ARM.Collect$$libshutdown$$0000000A) for __rt_lib_shutdown_signal_1
    libshutdown.o(.ARM.Collect$$libshutdown$$00000000) refers (Special) to libshutdown2.o(.ARM.Collect$$libshutdown$$00000004) for __rt_lib_shutdown_stdio_1
    libshutdown.o(.ARM.Collect$$libshutdown$$00000000) refers (Special) to libshutdown2.o(.ARM.Collect$$libshutdown$$0000000C) for __rt_lib_shutdown_user_alloc_1
    sys_command.o(.text) refers (Special) to use_no_semi.o(.text) for __I$use$semihosting
    sys_command.o(.text) refers (Special) to indicate_semi.o(.text) for __semihosting_library_function
    sys_command_hlt.o(.text) refers (Special) to use_no_semi.o(.text) for __I$use$semihosting
    sys_command_hlt.o(.text) refers (Special) to indicate_semi.o(.text) for __semihosting_library_function
    defsig_rtmem_outer.o(.text) refers to defsig_rtmem_inner.o(.text) for __rt_SIGRTMEM_inner
    defsig_rtmem_outer.o(.text) refers to defsig_exit.o(.text) for __sig_exit
    defsig_rtmem_formal.o(.text) refers to rt_raise.o(.text) for __rt_raise
    rt_raise.o(.text) refers to __raise.o(.text) for __raise
    rt_raise.o(.text) refers to sys_exit.o(.text) for _sys_exit
    defsig_exit.o(.text) refers to sys_exit.o(.text) for _sys_exit
    defsig_rtmem_inner.o(.text) refers to defsig_general.o(.text) for __default_signal_display
    __raise.o(.text) refers to defsig.o(CL$$defsig) for __default_signal_handler
    defsig_general.o(.text) refers to sys_wrch.o(.text) for _ttywrch
    sys_wrch.o(.text) refers (Special) to use_no_semi.o(.text) for __I$use$semihosting
    sys_wrch.o(.text) refers (Special) to indicate_semi.o(.text) for __semihosting_library_function
    sys_wrch_hlt.o(.text) refers (Special) to use_no_semi.o(.text) for __I$use$semihosting
    sys_wrch_hlt.o(.text) refers (Special) to indicate_semi.o(.text) for __semihosting_library_function
    defsig.o(CL$$defsig) refers to defsig_rtmem_inner.o(.text) for __rt_SIGRTMEM_inner
    defsig_abrt_inner.o(.text) refers to defsig_general.o(.text) for __default_signal_display
    defsig_fpe_inner.o(.text) refers to defsig_general.o(.text) for __default_signal_display
    defsig_rtred_inner.o(.text) refers to defsig_general.o(.text) for __default_signal_display
    defsig_stak_inner.o(.text) refers to defsig_general.o(.text) for __default_signal_display
    defsig_pvfn_inner.o(.text) refers to defsig_general.o(.text) for __default_signal_display
    defsig_cppl_inner.o(.text) refers to defsig_general.o(.text) for __default_signal_display
    defsig_segv_inner.o(.text) refers to defsig_general.o(.text) for __default_signal_display
    defsig_other.o(.text) refers to defsig_general.o(.text) for __default_signal_display


==============================================================================

Removing Unused input sections from the image.

    Removing system_stm32l1xx.o(.text), (0 bytes).
    Removing system_stm32l1xx.o(.ARM.exidx.text.SystemInit), (8 bytes).
    Removing system_stm32l1xx.o(.text.SystemCoreClockUpdate), (108 bytes).
    Removing system_stm32l1xx.o(.ARM.exidx.text.SystemCoreClockUpdate), (8 bytes).
    Removing main.o(.text), (0 bytes).
    Removing main.o(.ARM.exidx.text.main), (8 bytes).
    Removing main.o(.ARM.exidx.text.SystemClock_Config), (8 bytes).
    Removing main.o(.ARM.exidx.text.USART_Config), (8 bytes).
    Removing main.o(.ARM.exidx.text.USART_SendString), (8 bytes).
    Removing main.o(.ARM.exidx.text.PA12_gpio_config), (8 bytes).
    Removing main.o(.ARM.exidx.text.LL_AHB1_GRP1_EnableClock), (8 bytes).
    Removing main.o(.ARM.exidx.text.PC12_gpio_config), (8 bytes).
    Removing main.o(.ARM.exidx.text.PD2_gpio_config), (8 bytes).
    Removing main.o(.ARM.exidx.text.PA4_gpio_config), (8 bytes).
    Removing main.o(.ARM.exidx.text.PA4_ADC_config), (8 bytes).
    Removing main.o(.ARM.exidx.text.LL_APB2_GRP1_EnableClock), (8 bytes).
    Removing main.o(.ARM.exidx.text.PB6_7_USART_Config), (8 bytes).
    Removing main.o(.ARM.exidx.text.OUTLINED_FUNCTION_0), (8 bytes).
    Removing main.o(.ARM.use_no_argv), (4 bytes).
    Removing stm32l1xx_ll_utils.o(.text), (0 bytes).
    Removing stm32l1xx_ll_utils.o(.ARM.exidx.text.LL_Init1msTick), (8 bytes).
    Removing stm32l1xx_ll_utils.o(.ARM.exidx.text.LL_mDelay), (8 bytes).
    Removing stm32l1xx_ll_utils.o(.ARM.exidx.text.LL_SetSystemCoreClock), (8 bytes).
    Removing stm32l1xx_ll_utils.o(.text.LL_PLL_ConfigSystemClock_HSI), (72 bytes).
    Removing stm32l1xx_ll_utils.o(.ARM.exidx.text.LL_PLL_ConfigSystemClock_HSI), (8 bytes).
    Removing stm32l1xx_ll_utils.o(.text.UTILS_GetPLLOutputFrequency), (52 bytes).
    Removing stm32l1xx_ll_utils.o(.ARM.exidx.text.UTILS_GetPLLOutputFrequency), (8 bytes).
    Removing stm32l1xx_ll_utils.o(.text.UTILS_EnablePLLAndSwitchSystem), (148 bytes).
    Removing stm32l1xx_ll_utils.o(.ARM.exidx.text.UTILS_EnablePLLAndSwitchSystem), (8 bytes).
    Removing stm32l1xx_ll_utils.o(.text.LL_PLL_ConfigSystemClock_HSE), (88 bytes).
    Removing stm32l1xx_ll_utils.o(.ARM.exidx.text.LL_PLL_ConfigSystemClock_HSE), (8 bytes).
    Removing stm32l1xx_ll_utils.o(.text.UTILS_SetFlashLatency), (112 bytes).
    Removing stm32l1xx_ll_utils.o(.ARM.exidx.text.UTILS_SetFlashLatency), (8 bytes).
    Removing stm32l1xx_ll_utils.o(.text.OUTLINED_FUNCTION_0), (14 bytes).
    Removing stm32l1xx_ll_utils.o(.ARM.exidx.text.OUTLINED_FUNCTION_0), (8 bytes).
    Removing stm32l1xx_ll_gpio.o(.text), (0 bytes).
    Removing stm32l1xx_ll_gpio.o(.text.LL_GPIO_DeInit), (104 bytes).
    Removing stm32l1xx_ll_gpio.o(.ARM.exidx.text.LL_GPIO_DeInit), (8 bytes).
    Removing stm32l1xx_ll_gpio.o(.ARM.exidx.text.LL_GPIO_Init), (8 bytes).
    Removing stm32l1xx_ll_gpio.o(.text.LL_GPIO_StructInit), (22 bytes).
    Removing stm32l1xx_ll_gpio.o(.ARM.exidx.text.LL_GPIO_StructInit), (8 bytes).
    Removing stm32l1xx_ll_rcc.o(.text), (0 bytes).
    Removing stm32l1xx_ll_rcc.o(.text.LL_RCC_DeInit), (104 bytes).
    Removing stm32l1xx_ll_rcc.o(.ARM.exidx.text.LL_RCC_DeInit), (8 bytes).
    Removing stm32l1xx_ll_rcc.o(.ARM.exidx.text.LL_RCC_GetSystemClocksFreq), (8 bytes).
    Removing stm32l1xx_ll_rcc.o(.ARM.exidx.text.RCC_GetSystemClockFreq), (8 bytes).
    Removing stm32l1xx_ll_rcc.o(.text.RCC_GetHCLKClockFreq), (24 bytes).
    Removing stm32l1xx_ll_rcc.o(.ARM.exidx.text.RCC_GetHCLKClockFreq), (8 bytes).
    Removing stm32l1xx_ll_rcc.o(.text.RCC_GetPCLK1ClockFreq), (24 bytes).
    Removing stm32l1xx_ll_rcc.o(.ARM.exidx.text.RCC_GetPCLK1ClockFreq), (8 bytes).
    Removing stm32l1xx_ll_rcc.o(.text.RCC_GetPCLK2ClockFreq), (24 bytes).
    Removing stm32l1xx_ll_rcc.o(.ARM.exidx.text.RCC_GetPCLK2ClockFreq), (8 bytes).
    Removing stm32l1xx_ll_rcc.o(.ARM.exidx.text.RCC_PLL_GetFreqDomain_SYS), (8 bytes).
    Removing stm32l1xx_ll_pwr.o(.text), (0 bytes).
    Removing stm32l1xx_ll_pwr.o(.text.LL_PWR_DeInit), (28 bytes).
    Removing stm32l1xx_ll_pwr.o(.ARM.exidx.text.LL_PWR_DeInit), (8 bytes).
    Removing stm32l1xx_ll_adc.o(.text), (0 bytes).
    Removing stm32l1xx_ll_adc.o(.text.LL_ADC_CommonDeInit), (28 bytes).
    Removing stm32l1xx_ll_adc.o(.ARM.exidx.text.LL_ADC_CommonDeInit), (8 bytes).
    Removing stm32l1xx_ll_adc.o(.text.LL_ADC_CommonInit), (32 bytes).
    Removing stm32l1xx_ll_adc.o(.ARM.exidx.text.LL_ADC_CommonInit), (8 bytes).
    Removing stm32l1xx_ll_adc.o(.text.LL_ADC_CommonStructInit), (8 bytes).
    Removing stm32l1xx_ll_adc.o(.ARM.exidx.text.LL_ADC_CommonStructInit), (8 bytes).
    Removing stm32l1xx_ll_adc.o(.text.LL_ADC_DeInit), (220 bytes).
    Removing stm32l1xx_ll_adc.o(.ARM.exidx.text.LL_ADC_DeInit), (8 bytes).
    Removing stm32l1xx_ll_adc.o(.ARM.exidx.text.LL_ADC_Init), (8 bytes).
    Removing stm32l1xx_ll_adc.o(.text.LL_ADC_StructInit), (16 bytes).
    Removing stm32l1xx_ll_adc.o(.ARM.exidx.text.LL_ADC_StructInit), (8 bytes).
    Removing stm32l1xx_ll_adc.o(.text.LL_ADC_REG_Init), (72 bytes).
    Removing stm32l1xx_ll_adc.o(.ARM.exidx.text.LL_ADC_REG_Init), (8 bytes).
    Removing stm32l1xx_ll_adc.o(.text.LL_ADC_REG_StructInit), (10 bytes).
    Removing stm32l1xx_ll_adc.o(.ARM.exidx.text.LL_ADC_REG_StructInit), (8 bytes).
    Removing stm32l1xx_ll_adc.o(.text.LL_ADC_INJ_Init), (66 bytes).
    Removing stm32l1xx_ll_adc.o(.ARM.exidx.text.LL_ADC_INJ_Init), (8 bytes).
    Removing stm32l1xx_ll_adc.o(.text.LL_ADC_INJ_StructInit), (12 bytes).
    Removing stm32l1xx_ll_adc.o(.ARM.exidx.text.LL_ADC_INJ_StructInit), (8 bytes).
    Removing stm32l152_glass_lcd.o(.text), (0 bytes).
    Removing stm32l152_glass_lcd.o(.ARM.exidx.text.LCD_GLASS_Init), (8 bytes).
    Removing stm32l152_glass_lcd.o(.text.LCD_GLASS_Clear), (4 bytes).
    Removing stm32l152_glass_lcd.o(.ARM.exidx.text.LCD_GLASS_Clear), (8 bytes).
    Removing stm32l152_glass_lcd.o(.text.LCD_GLASS_BlinkConfig), (24 bytes).
    Removing stm32l152_glass_lcd.o(.ARM.exidx.text.LCD_GLASS_BlinkConfig), (8 bytes).
    Removing stm32l152_glass_lcd.o(.text.LCD_GLASS_Contrast), (20 bytes).
    Removing stm32l152_glass_lcd.o(.ARM.exidx.text.LCD_GLASS_Contrast), (8 bytes).
    Removing stm32l152_glass_lcd.o(.text.LCD_GLASS_DisplayBar), (84 bytes).
    Removing stm32l152_glass_lcd.o(.ARM.exidx.text.LCD_GLASS_DisplayBar), (8 bytes).
    Removing stm32l152_glass_lcd.o(.text.LCD_GLASS_ClearBar), (78 bytes).
    Removing stm32l152_glass_lcd.o(.ARM.exidx.text.LCD_GLASS_ClearBar), (8 bytes).
    Removing stm32l152_glass_lcd.o(.text.LCD_GLASS_BarLevelConfig), (100 bytes).
    Removing stm32l152_glass_lcd.o(.ARM.exidx.text.LCD_GLASS_BarLevelConfig), (8 bytes).
    Removing stm32l152_glass_lcd.o(.text.LCD_GLASS_WriteChar), (4 bytes).
    Removing stm32l152_glass_lcd.o(.ARM.exidx.text.LCD_GLASS_WriteChar), (8 bytes).
    Removing stm32l152_glass_lcd.o(.ARM.exidx.text.LCD_GLASS_DisplayChar), (8 bytes).
    Removing stm32l152_glass_lcd.o(.ARM.exidx.text.LCD_GLASS_DisplayString), (8 bytes).
    Removing stm32l152_glass_lcd.o(.text.LCD_GLASS_DisplayStrDeci), (68 bytes).
    Removing stm32l152_glass_lcd.o(.ARM.exidx.text.LCD_GLASS_DisplayStrDeci), (8 bytes).
    Removing stm32l152_glass_lcd.o(.text.LCD_GLASS_ScrollSentence), (168 bytes).
    Removing stm32l152_glass_lcd.o(.ARM.exidx.text.LCD_GLASS_ScrollSentence), (8 bytes).
    Removing stm32l152_glass_lcd.o(.ARM.exidx.text.LL_APB1_GRP1_EnableClock), (8 bytes).
    Removing stm32l152_glass_lcd.o(.ARM.exidx.text.LL_AHB1_GRP1_EnableClock), (8 bytes).
    Removing stm32l152_glass_lcd.o(.ARM.exidx.text.OUTLINED_FUNCTION_0), (8 bytes).
    Removing stm32l152_glass_lcd.o(.ARM.exidx.text.OUTLINED_FUNCTION_1), (8 bytes).
    Removing stm32l152_glass_lcd.o(.ARM.exidx.text.OUTLINED_FUNCTION_2), (8 bytes).
    Removing stm32l152_glass_lcd.o(.ARM.exidx.text.OUTLINED_FUNCTION_3), (8 bytes).
    Removing stm32l152_glass_lcd.o(.ARM.exidx.text.OUTLINED_FUNCTION_4), (8 bytes).
    Removing stm32l152_glass_lcd.o(.text.OUTLINED_FUNCTION_5), (12 bytes).
    Removing stm32l152_glass_lcd.o(.ARM.exidx.text.OUTLINED_FUNCTION_5), (8 bytes).
    Removing stm32l152_glass_lcd.o(.ARM.exidx.text.OUTLINED_FUNCTION_6), (8 bytes).
    Removing stm32l152_glass_lcd.o(.ARM.exidx.text.OUTLINED_FUNCTION_7), (8 bytes).
    Removing stm32l152_glass_lcd.o(.ARM.exidx.text.OUTLINED_FUNCTION_8), (8 bytes).
    Removing stm32l152_glass_lcd.o(.ARM.exidx.text.OUTLINED_FUNCTION_9), (8 bytes).
    Removing stm32l152_glass_lcd.o(.bss.bLCDGlass_KeyPressed), (1 bytes).
    Removing stm32l152_glass_lcd.o(.data.LCDBar), (1 bytes).
    Removing stm32l1xx_ll_lcd.o(.text), (0 bytes).
    Removing stm32l1xx_ll_lcd.o(.text.LL_LCD_DeInit), (28 bytes).
    Removing stm32l1xx_ll_lcd.o(.ARM.exidx.text.LL_LCD_DeInit), (8 bytes).
    Removing stm32l1xx_ll_lcd.o(.ARM.exidx.text.LCD_WaitForSynchro), (8 bytes).
    Removing stm32l1xx_ll_lcd.o(.ARM.exidx.text.LL_LCD_Init), (8 bytes).
    Removing stm32l1xx_ll_lcd.o(.ARM.exidx.text.LL_LCD_Write), (8 bytes).
    Removing stm32l1xx_ll_lcd.o(.ARM.exidx.text.LL_LCD_Clear), (8 bytes).
    Removing stm32l1xx_ll_lcd.o(.ARM.exidx.text.LL_LCD_UpdateDisplayRequest), (8 bytes).
    Removing stm32l1xx_ll_usart.o(.text), (0 bytes).
    Removing stm32l1xx_ll_usart.o(.text.LL_USART_DeInit), (100 bytes).
    Removing stm32l1xx_ll_usart.o(.ARM.exidx.text.LL_USART_DeInit), (8 bytes).
    Removing stm32l1xx_ll_usart.o(.ARM.exidx.text.LL_USART_Init), (8 bytes).
    Removing stm32l1xx_ll_usart.o(.text.LL_USART_StructInit), (24 bytes).
    Removing stm32l1xx_ll_usart.o(.ARM.exidx.text.LL_USART_StructInit), (8 bytes).
    Removing stm32l1xx_ll_usart.o(.text.LL_USART_ClockInit), (50 bytes).
    Removing stm32l1xx_ll_usart.o(.ARM.exidx.text.LL_USART_ClockInit), (8 bytes).
    Removing stm32l1xx_ll_usart.o(.text.LL_USART_ClockStructInit), (12 bytes).
    Removing stm32l1xx_ll_usart.o(.ARM.exidx.text.LL_USART_ClockStructInit), (8 bytes).
    Removing stm32l1xx_ll_usart.o(.ARM.exidx.text.OUTLINED_FUNCTION_0), (8 bytes).

132 unused section(s) (total 2818 bytes) removed from the image.

==============================================================================

Image Symbol Table

    Local Symbols

    Symbol Name                              Value     Ov Type        Size  Object(Section)

    ../clib/angel/boardlib.s                 0x00000000   Number         0  boardinit1.o ABSOLUTE
    ../clib/angel/boardlib.s                 0x00000000   Number         0  boardinit2.o ABSOLUTE
    ../clib/angel/boardlib.s                 0x00000000   Number         0  boardinit3.o ABSOLUTE
    ../clib/angel/boardlib.s                 0x00000000   Number         0  boardshut.o ABSOLUTE
    ../clib/angel/handlers.s                 0x00000000   Number         0  __scatter_copy.o ABSOLUTE
    ../clib/angel/handlers.s                 0x00000000   Number         0  __scatter_zi.o ABSOLUTE
    ../clib/angel/kernel.s                   0x00000000   Number         0  __rtentry.o ABSOLUTE
    ../clib/angel/kernel.s                   0x00000000   Number         0  __rtentry2.o ABSOLUTE
    ../clib/angel/kernel.s                   0x00000000   Number         0  __rtentry4.o ABSOLUTE
    ../clib/angel/kernel.s                   0x00000000   Number         0  rtexit.o ABSOLUTE
    ../clib/angel/kernel.s                   0x00000000   Number         0  rtexit2.o ABSOLUTE
    ../clib/angel/rt.s                       0x00000000   Number         0  rt_raise.o ABSOLUTE
    ../clib/angel/scatter.s                  0x00000000   Number         0  __scatter.o ABSOLUTE
    ../clib/angel/startup.s                  0x00000000   Number         0  __main.o ABSOLUTE
    ../clib/angel/sys.s                      0x00000000   Number         0  sys_stackheap_outer.o ABSOLUTE
    ../clib/angel/sys.s                      0x00000000   Number         0  libspace.o ABSOLUTE
    ../clib/angel/sys.s                      0x00000000   Number         0  use_no_semi.o ABSOLUTE
    ../clib/angel/sys.s                      0x00000000   Number         0  indicate_semi.o ABSOLUTE
    ../clib/angel/sysapp.c                   0x00000000   Number         0  sys_exit.o ABSOLUTE
    ../clib/angel/sysapp.c                   0x00000000   Number         0  sys_exit_hlt.o ABSOLUTE
    ../clib/angel/sysapp.c                   0x00000000   Number         0  sys_command.o ABSOLUTE
    ../clib/angel/sysapp.c                   0x00000000   Number         0  sys_command_hlt.o ABSOLUTE
    ../clib/angel/sysapp.c                   0x00000000   Number         0  sys_wrch.o ABSOLUTE
    ../clib/angel/sysapp.c                   0x00000000   Number         0  sys_wrch_hlt.o ABSOLUTE
    ../clib/armsys.c                         0x00000000   Number         0  argv_veneer.o ABSOLUTE
    ../clib/armsys.c                         0x00000000   Number         0  argv_veneer.o ABSOLUTE
    ../clib/armsys.c                         0x00000000   Number         0  _get_argv_nomalloc.o ABSOLUTE
    ../clib/armsys.c                         0x00000000   Number         0  no_argv.o ABSOLUTE
    ../clib/heapalloc.c                      0x00000000   Number         0  hrguard.o ABSOLUTE
    ../clib/heapaux.c                        0x00000000   Number         0  heapauxi.o ABSOLUTE
    ../clib/libinit.s                        0x00000000   Number         0  libinit.o ABSOLUTE
    ../clib/libinit.s                        0x00000000   Number         0  libinit2.o ABSOLUTE
    ../clib/libinit.s                        0x00000000   Number         0  libshutdown.o ABSOLUTE
    ../clib/libinit.s                        0x00000000   Number         0  libshutdown2.o ABSOLUTE
    ../clib/memcpset.s                       0x00000000   Number         0  rt_memclr_w.o ABSOLUTE
    ../clib/printf.c                         0x00000000   Number         0  __2sprintf.o ABSOLUTE
    ../clib/printf.c                         0x00000000   Number         0  noretval__2sprintf.o ABSOLUTE
    ../clib/printf.c                         0x00000000   Number         0  __printf.o ABSOLUTE
    ../clib/printf.c                         0x00000000   Number         0  _printf_dec.o ABSOLUTE
    ../clib/printf.c                         0x00000000   Number         0  __printf_flags.o ABSOLUTE
    ../clib/printf.c                         0x00000000   Number         0  __printf_ss.o ABSOLUTE
    ../clib/printf.c                         0x00000000   Number         0  __printf_flags_ss.o ABSOLUTE
    ../clib/printf.c                         0x00000000   Number         0  __printf_wp.o ABSOLUTE
    ../clib/printf.c                         0x00000000   Number         0  __printf_flags_wp.o ABSOLUTE
    ../clib/printf.c                         0x00000000   Number         0  __printf_ss_wp.o ABSOLUTE
    ../clib/printf.c                         0x00000000   Number         0  __printf_flags_ss_wp.o ABSOLUTE
    ../clib/printf.c                         0x00000000   Number         0  _printf_intcommon.o ABSOLUTE
    ../clib/printf.c                         0x00000000   Number         0  _printf_char_common.o ABSOLUTE
    ../clib/printf.c                         0x00000000   Number         0  _sputc.o ABSOLUTE
    ../clib/printf.c                         0x00000000   Number         0  __printf_nopercent.o ABSOLUTE
    ../clib/printf_percent.s                 0x00000000   Number         0  _printf_d.o ABSOLUTE
    ../clib/printf_percent.s                 0x00000000   Number         0  _printf_percent.o ABSOLUTE
    ../clib/printf_percent.s                 0x00000000   Number         0  _printf_percent_end.o ABSOLUTE
    ../clib/signal.c                         0x00000000   Number         0  defsig_rtmem_outer.o ABSOLUTE
    ../clib/signal.c                         0x00000000   Number         0  defsig_rtmem_formal.o ABSOLUTE
    ../clib/signal.c                         0x00000000   Number         0  defsig_exit.o ABSOLUTE
    ../clib/signal.c                         0x00000000   Number         0  defsig_rtmem_inner.o ABSOLUTE
    ../clib/signal.c                         0x00000000   Number         0  __raise.o ABSOLUTE
    ../clib/signal.c                         0x00000000   Number         0  defsig_general.o ABSOLUTE
    ../clib/signal.c                         0x00000000   Number         0  defsig_abrt_inner.o ABSOLUTE
    ../clib/signal.c                         0x00000000   Number         0  defsig_fpe_inner.o ABSOLUTE
    ../clib/signal.c                         0x00000000   Number         0  defsig_rtred_inner.o ABSOLUTE
    ../clib/signal.c                         0x00000000   Number         0  defsig_stak_inner.o ABSOLUTE
    ../clib/signal.c                         0x00000000   Number         0  defsig_pvfn_inner.o ABSOLUTE
    ../clib/signal.c                         0x00000000   Number         0  defsig_cppl_inner.o ABSOLUTE
    ../clib/signal.c                         0x00000000   Number         0  defsig_segv_inner.o ABSOLUTE
    ../clib/signal.c                         0x00000000   Number         0  defsig_other.o ABSOLUTE
    ../clib/signal.s                         0x00000000   Number         0  defsig.o ABSOLUTE
    ../clib/stdlib.c                         0x00000000   Number         0  exit.o ABSOLUTE
    ../fplib/fpinit.s                        0x00000000   Number         0  fpinit.o ABSOLUTE
    ../fplib/fpinit_empty.s                  0x00000000   Number         0  fpinit_empty.o ABSOLUTE
    ..\..\Drivers\CMSIS\Device\ST\STM32L1xx\Source\Templates\arm\startup_stm32l152xb.s 0x00000000   Number         0  startup_stm32l152xb.o ABSOLUTE
    dc.s                                     0x00000000   Number         0  dc.o ABSOLUTE
    main.c                                   0x00000000   Number         0  main.o ABSOLUTE
    stm32l152_glass_lcd.c                    0x00000000   Number         0  stm32l152_glass_lcd.o ABSOLUTE
    stm32l1xx_ll_adc.c                       0x00000000   Number         0  stm32l1xx_ll_adc.o ABSOLUTE
    stm32l1xx_ll_gpio.c                      0x00000000   Number         0  stm32l1xx_ll_gpio.o ABSOLUTE
    stm32l1xx_ll_lcd.c                       0x00000000   Number         0  stm32l1xx_ll_lcd.o ABSOLUTE
    stm32l1xx_ll_pwr.c                       0x00000000   Number         0  stm32l1xx_ll_pwr.o ABSOLUTE
    stm32l1xx_ll_rcc.c                       0x00000000   Number         0  stm32l1xx_ll_rcc.o ABSOLUTE
    stm32l1xx_ll_usart.c                     0x00000000   Number         0  stm32l1xx_ll_usart.o ABSOLUTE
    stm32l1xx_ll_utils.c                     0x00000000   Number         0  stm32l1xx_ll_utils.o ABSOLUTE
    system_stm32l1xx.c                       0x00000000   Number         0  system_stm32l1xx.o ABSOLUTE
    RESET                                    0x08000000   Section      244  startup_stm32l152xb.o(RESET)
    !!!main                                  0x080000f4   Section        8  __main.o(!!!main)
    !!!scatter                               0x080000fc   Section       52  __scatter.o(!!!scatter)
    !!handler_copy                           0x08000130   Section       26  __scatter_copy.o(!!handler_copy)
    !!handler_zi                             0x0800014c   Section       28  __scatter_zi.o(!!handler_zi)
    .ARM.Collect$$_printf_percent$$00000000  0x08000168   Section        0  _printf_percent.o(.ARM.Collect$$_printf_percent$$00000000)
    .ARM.Collect$$_printf_percent$$00000009  0x08000168   Section        6  _printf_d.o(.ARM.Collect$$_printf_percent$$00000009)
    .ARM.Collect$$_printf_percent$$00000017  0x0800016e   Section        4  _printf_percent_end.o(.ARM.Collect$$_printf_percent$$00000017)
    .ARM.Collect$$libinit$$00000000          0x08000172   Section        2  libinit.o(.ARM.Collect$$libinit$$00000000)
    .ARM.Collect$$libinit$$00000002          0x08000174   Section        0  libinit2.o(.ARM.Collect$$libinit$$00000002)
    .ARM.Collect$$libinit$$00000004          0x08000174   Section        0  libinit2.o(.ARM.Collect$$libinit$$00000004)
    .ARM.Collect$$libinit$$00000006          0x08000174   Section        0  libinit2.o(.ARM.Collect$$libinit$$00000006)
    .ARM.Collect$$libinit$$0000000C          0x08000174   Section        0  libinit2.o(.ARM.Collect$$libinit$$0000000C)
    .ARM.Collect$$libinit$$0000000E          0x08000174   Section        0  libinit2.o(.ARM.Collect$$libinit$$0000000E)
    .ARM.Collect$$libinit$$00000010          0x08000174   Section        0  libinit2.o(.ARM.Collect$$libinit$$00000010)
    .ARM.Collect$$libinit$$00000013          0x08000174   Section        0  libinit2.o(.ARM.Collect$$libinit$$00000013)
    .ARM.Collect$$libinit$$00000015          0x08000174   Section        0  libinit2.o(.ARM.Collect$$libinit$$00000015)
    .ARM.Collect$$libinit$$00000017          0x08000174   Section        0  libinit2.o(.ARM.Collect$$libinit$$00000017)
    .ARM.Collect$$libinit$$00000019          0x08000174   Section        0  libinit2.o(.ARM.Collect$$libinit$$00000019)
    .ARM.Collect$$libinit$$0000001B          0x08000174   Section        0  libinit2.o(.ARM.Collect$$libinit$$0000001B)
    .ARM.Collect$$libinit$$0000001D          0x08000174   Section        0  libinit2.o(.ARM.Collect$$libinit$$0000001D)
    .ARM.Collect$$libinit$$0000001F          0x08000174   Section        0  libinit2.o(.ARM.Collect$$libinit$$0000001F)
    .ARM.Collect$$libinit$$00000021          0x08000174   Section        0  libinit2.o(.ARM.Collect$$libinit$$00000021)
    .ARM.Collect$$libinit$$00000023          0x08000174   Section        0  libinit2.o(.ARM.Collect$$libinit$$00000023)
    .ARM.Collect$$libinit$$00000025          0x08000174   Section        0  libinit2.o(.ARM.Collect$$libinit$$00000025)
    .ARM.Collect$$libinit$$00000027          0x08000174   Section        0  libinit2.o(.ARM.Collect$$libinit$$00000027)
    .ARM.Collect$$libinit$$0000002E          0x08000174   Section        0  libinit2.o(.ARM.Collect$$libinit$$0000002E)
    .ARM.Collect$$libinit$$00000030          0x08000174   Section        0  libinit2.o(.ARM.Collect$$libinit$$00000030)
    .ARM.Collect$$libinit$$00000032          0x08000174   Section        0  libinit2.o(.ARM.Collect$$libinit$$00000032)
    .ARM.Collect$$libinit$$00000034          0x08000174   Section        0  libinit2.o(.ARM.Collect$$libinit$$00000034)
    .ARM.Collect$$libinit$$00000035          0x08000174   Section        2  libinit2.o(.ARM.Collect$$libinit$$00000035)
    .ARM.Collect$$libshutdown$$00000000      0x08000176   Section        2  libshutdown.o(.ARM.Collect$$libshutdown$$00000000)
    .ARM.Collect$$libshutdown$$00000002      0x08000178   Section        0  libshutdown2.o(.ARM.Collect$$libshutdown$$00000002)
    .ARM.Collect$$libshutdown$$00000004      0x08000178   Section        0  libshutdown2.o(.ARM.Collect$$libshutdown$$00000004)
    .ARM.Collect$$libshutdown$$00000007      0x08000178   Section        0  libshutdown2.o(.ARM.Collect$$libshutdown$$00000007)
    .ARM.Collect$$libshutdown$$0000000A      0x08000178   Section        0  libshutdown2.o(.ARM.Collect$$libshutdown$$0000000A)
    .ARM.Collect$$libshutdown$$0000000C      0x08000178   Section        0  libshutdown2.o(.ARM.Collect$$libshutdown$$0000000C)
    .ARM.Collect$$libshutdown$$0000000F      0x08000178   Section        0  libshutdown2.o(.ARM.Collect$$libshutdown$$0000000F)
    .ARM.Collect$$libshutdown$$00000010      0x08000178   Section        2  libshutdown2.o(.ARM.Collect$$libshutdown$$00000010)
    .ARM.Collect$$rtentry$$00000000          0x0800017a   Section        0  __rtentry.o(.ARM.Collect$$rtentry$$00000000)
    .ARM.Collect$$rtentry$$00000002          0x0800017a   Section        0  __rtentry2.o(.ARM.Collect$$rtentry$$00000002)
    .ARM.Collect$$rtentry$$00000004          0x0800017a   Section        6  __rtentry4.o(.ARM.Collect$$rtentry$$00000004)
    .ARM.Collect$$rtentry$$00000009          0x08000180   Section        0  __rtentry2.o(.ARM.Collect$$rtentry$$00000009)
    .ARM.Collect$$rtentry$$0000000A          0x08000180   Section        4  __rtentry2.o(.ARM.Collect$$rtentry$$0000000A)
    .ARM.Collect$$rtentry$$0000000C          0x08000184   Section        0  __rtentry2.o(.ARM.Collect$$rtentry$$0000000C)
    .ARM.Collect$$rtentry$$0000000D          0x08000184   Section        8  __rtentry2.o(.ARM.Collect$$rtentry$$0000000D)
    .ARM.Collect$$rtexit$$00000000           0x0800018c   Section        2  rtexit.o(.ARM.Collect$$rtexit$$00000000)
    .ARM.Collect$$rtexit$$00000002           0x0800018e   Section        0  rtexit2.o(.ARM.Collect$$rtexit$$00000002)
    .ARM.Collect$$rtexit$$00000003           0x0800018e   Section        4  rtexit2.o(.ARM.Collect$$rtexit$$00000003)
    .ARM.Collect$$rtexit$$00000004           0x08000192   Section        6  rtexit2.o(.ARM.Collect$$rtexit$$00000004)
    .text                                    0x08000198   Section       64  startup_stm32l152xb.o(.text)
    .text                                    0x080001d8   Section        0  noretval__2sprintf.o(.text)
    .text                                    0x08000200   Section        0  __printf.o(.text)
    .text                                    0x08000268   Section        0  _printf_dec.o(.text)
    .text                                    0x080002e0   Section        0  heapauxi.o(.text)
    .text                                    0x080002e6   Section        0  _printf_intcommon.o(.text)
    _printf_input_char                       0x08000399   Thumb Code    10  _printf_char_common.o(.text)
    .text                                    0x08000398   Section        0  _printf_char_common.o(.text)
    .text                                    0x080003c8   Section        0  _sputc.o(.text)
    .text                                    0x080003d2   Section       74  sys_stackheap_outer.o(.text)
    .text                                    0x0800041c   Section        0  exit.o(.text)
    .text                                    0x08000430   Section        8  libspace.o(.text)
    .text                                    0x08000438   Section        0  sys_exit.o(.text)
    .text                                    0x08000444   Section        2  use_no_semi.o(.text)
    .text                                    0x08000446   Section        0  indicate_semi.o(.text)
    [Anonymous Symbol]                       0x08000448   Section        0  stm32l152_glass_lcd.o(.text.LCD_GLASS_DisplayChar)
    __arm_cp.8_0                             0x0800068c   Number         4  stm32l152_glass_lcd.o(.text.LCD_GLASS_DisplayChar)
    __arm_cp.8_1                             0x08000690   Number         4  stm32l152_glass_lcd.o(.text.LCD_GLASS_DisplayChar)
    __arm_cp.8_2                             0x08000694   Number         4  stm32l152_glass_lcd.o(.text.LCD_GLASS_DisplayChar)
    __arm_cp.8_3                             0x08000698   Number         4  stm32l152_glass_lcd.o(.text.LCD_GLASS_DisplayChar)
    __arm_cp.8_4                             0x0800069c   Number         4  stm32l152_glass_lcd.o(.text.LCD_GLASS_DisplayChar)
    __arm_cp.8_5                             0x080006a0   Number         4  stm32l152_glass_lcd.o(.text.LCD_GLASS_DisplayChar)
    __arm_cp.8_6                             0x080006a4   Number         4  stm32l152_glass_lcd.o(.text.LCD_GLASS_DisplayChar)
    __arm_cp.8_7                             0x080006a8   Number         4  stm32l152_glass_lcd.o(.text.LCD_GLASS_DisplayChar)
    [Anonymous Symbol]                       0x080006ac   Section        0  stm32l152_glass_lcd.o(.text.LCD_GLASS_DisplayString)
    [Anonymous Symbol]                       0x080006d4   Section        0  stm32l152_glass_lcd.o(.text.LCD_GLASS_Init)
    __arm_cp.0_0                             0x080007b8   Number         4  stm32l152_glass_lcd.o(.text.LCD_GLASS_Init)
    __arm_cp.0_1                             0x080007bc   Number         4  stm32l152_glass_lcd.o(.text.LCD_GLASS_Init)
    __arm_cp.0_2                             0x080007c0   Number         4  stm32l152_glass_lcd.o(.text.LCD_GLASS_Init)
    __arm_cp.0_3                             0x080007c4   Number         4  stm32l152_glass_lcd.o(.text.LCD_GLASS_Init)
    __arm_cp.0_4                             0x080007c8   Number         4  stm32l152_glass_lcd.o(.text.LCD_GLASS_Init)
    [Anonymous Symbol]                       0x080007cc   Section        0  stm32l1xx_ll_lcd.o(.text.LCD_WaitForSynchro)
    [Anonymous Symbol]                       0x080007d8   Section        0  stm32l1xx_ll_adc.o(.text.LL_ADC_Init)
    __arm_cp.4_0                             0x08000810   Number         4  stm32l1xx_ll_adc.o(.text.LL_ADC_Init)
    LL_AHB1_GRP1_EnableClock                 0x08000815   Thumb Code    24  main.o(.text.LL_AHB1_GRP1_EnableClock)
    [Anonymous Symbol]                       0x08000814   Section        0  main.o(.text.LL_AHB1_GRP1_EnableClock)
    LL_AHB1_GRP1_EnableClock                 0x0800082d   Thumb Code    24  stm32l152_glass_lcd.o(.text.LL_AHB1_GRP1_EnableClock)
    [Anonymous Symbol]                       0x0800082c   Section        0  stm32l152_glass_lcd.o(.text.LL_AHB1_GRP1_EnableClock)
    __arm_cp.13_0                            0x08000844   Number         4  stm32l152_glass_lcd.o(.text.LL_AHB1_GRP1_EnableClock)
    LL_APB1_GRP1_EnableClock                 0x08000849   Thumb Code    24  stm32l152_glass_lcd.o(.text.LL_APB1_GRP1_EnableClock)
    [Anonymous Symbol]                       0x08000848   Section        0  stm32l152_glass_lcd.o(.text.LL_APB1_GRP1_EnableClock)
    __arm_cp.12_0                            0x08000860   Number         4  stm32l152_glass_lcd.o(.text.LL_APB1_GRP1_EnableClock)
    LL_APB2_GRP1_EnableClock                 0x08000865   Thumb Code    24  main.o(.text.LL_APB2_GRP1_EnableClock)
    [Anonymous Symbol]                       0x08000864   Section        0  main.o(.text.LL_APB2_GRP1_EnableClock)
    __arm_cp.10_0                            0x0800087c   Number         4  main.o(.text.LL_APB2_GRP1_EnableClock)
    [Anonymous Symbol]                       0x08000880   Section        0  stm32l1xx_ll_gpio.o(.text.LL_GPIO_Init)
    [Anonymous Symbol]                       0x080009a0   Section        0  stm32l1xx_ll_utils.o(.text.LL_Init1msTick)
    [Anonymous Symbol]                       0x080009b8   Section        0  stm32l1xx_ll_lcd.o(.text.LL_LCD_Clear)
    [Anonymous Symbol]                       0x080009dc   Section        0  stm32l1xx_ll_lcd.o(.text.LL_LCD_Init)
    __arm_cp.2_0                             0x08000a58   Number         4  stm32l1xx_ll_lcd.o(.text.LL_LCD_Init)
    [Anonymous Symbol]                       0x08000a5c   Section        0  stm32l1xx_ll_lcd.o(.text.LL_LCD_UpdateDisplayRequest)
    [Anonymous Symbol]                       0x08000a74   Section        0  stm32l1xx_ll_lcd.o(.text.LL_LCD_Write)
    __arm_cp.3_0                             0x08000a90   Number         4  stm32l1xx_ll_lcd.o(.text.LL_LCD_Write)
    [Anonymous Symbol]                       0x08000a94   Section        0  stm32l1xx_ll_rcc.o(.text.LL_RCC_GetSystemClocksFreq)
    __arm_cp.1_1                             0x08000acc   Number         4  stm32l1xx_ll_rcc.o(.text.LL_RCC_GetSystemClocksFreq)
    __arm_cp.1_2                             0x08000ad0   Number         4  stm32l1xx_ll_rcc.o(.text.LL_RCC_GetSystemClocksFreq)
    [Anonymous Symbol]                       0x08000ad4   Section        0  stm32l1xx_ll_utils.o(.text.LL_SetSystemCoreClock)
    __arm_cp.2_0                             0x08000adc   Number         4  stm32l1xx_ll_utils.o(.text.LL_SetSystemCoreClock)
    [Anonymous Symbol]                       0x08000ae0   Section        0  stm32l1xx_ll_usart.o(.text.LL_USART_Init)
    __arm_cp.1_0                             0x08000ba8   Number         4  stm32l1xx_ll_usart.o(.text.LL_USART_Init)
    __arm_cp.1_1                             0x08000bac   Number         4  stm32l1xx_ll_usart.o(.text.LL_USART_Init)
    __arm_cp.1_2                             0x08000bb0   Number         4  stm32l1xx_ll_usart.o(.text.LL_USART_Init)
    __arm_cp.1_3                             0x08000bb4   Number         4  stm32l1xx_ll_usart.o(.text.LL_USART_Init)
    [Anonymous Symbol]                       0x08000bb8   Section        0  stm32l1xx_ll_utils.o(.text.LL_mDelay)
    __arm_cp.1_0                             0x08000bdc   Number         4  stm32l1xx_ll_utils.o(.text.LL_mDelay)
    OUTLINED_FUNCTION_0                      0x08000be1   Thumb Code    14  main.o(.text.OUTLINED_FUNCTION_0)
    [Anonymous Symbol]                       0x08000be0   Section        0  main.o(.text.OUTLINED_FUNCTION_0)
    OUTLINED_FUNCTION_0                      0x08000bef   Thumb Code    18  stm32l152_glass_lcd.o(.text.OUTLINED_FUNCTION_0)
    [Anonymous Symbol]                       0x08000bee   Section        0  stm32l152_glass_lcd.o(.text.OUTLINED_FUNCTION_0)
    OUTLINED_FUNCTION_0                      0x08000c01   Thumb Code    18  stm32l1xx_ll_usart.o(.text.OUTLINED_FUNCTION_0)
    [Anonymous Symbol]                       0x08000c00   Section        0  stm32l1xx_ll_usart.o(.text.OUTLINED_FUNCTION_0)
    OUTLINED_FUNCTION_1                      0x08000c13   Thumb Code    18  stm32l152_glass_lcd.o(.text.OUTLINED_FUNCTION_1)
    [Anonymous Symbol]                       0x08000c12   Section        0  stm32l152_glass_lcd.o(.text.OUTLINED_FUNCTION_1)
    OUTLINED_FUNCTION_2                      0x08000c25   Thumb Code    14  stm32l152_glass_lcd.o(.text.OUTLINED_FUNCTION_2)
    [Anonymous Symbol]                       0x08000c24   Section        0  stm32l152_glass_lcd.o(.text.OUTLINED_FUNCTION_2)
    OUTLINED_FUNCTION_3                      0x08000c33   Thumb Code    14  stm32l152_glass_lcd.o(.text.OUTLINED_FUNCTION_3)
    [Anonymous Symbol]                       0x08000c32   Section        0  stm32l152_glass_lcd.o(.text.OUTLINED_FUNCTION_3)
    OUTLINED_FUNCTION_4                      0x08000c41   Thumb Code    14  stm32l152_glass_lcd.o(.text.OUTLINED_FUNCTION_4)
    [Anonymous Symbol]                       0x08000c40   Section        0  stm32l152_glass_lcd.o(.text.OUTLINED_FUNCTION_4)
    OUTLINED_FUNCTION_6                      0x08000c4f   Thumb Code    14  stm32l152_glass_lcd.o(.text.OUTLINED_FUNCTION_6)
    [Anonymous Symbol]                       0x08000c4e   Section        0  stm32l152_glass_lcd.o(.text.OUTLINED_FUNCTION_6)
    OUTLINED_FUNCTION_7                      0x08000c5d   Thumb Code    14  stm32l152_glass_lcd.o(.text.OUTLINED_FUNCTION_7)
    [Anonymous Symbol]                       0x08000c5c   Section        0  stm32l152_glass_lcd.o(.text.OUTLINED_FUNCTION_7)
    OUTLINED_FUNCTION_8                      0x08000c6b   Thumb Code    12  stm32l152_glass_lcd.o(.text.OUTLINED_FUNCTION_8)
    [Anonymous Symbol]                       0x08000c6a   Section        0  stm32l152_glass_lcd.o(.text.OUTLINED_FUNCTION_8)
    OUTLINED_FUNCTION_9                      0x08000c77   Thumb Code     6  stm32l152_glass_lcd.o(.text.OUTLINED_FUNCTION_9)
    [Anonymous Symbol]                       0x08000c76   Section        0  stm32l152_glass_lcd.o(.text.OUTLINED_FUNCTION_9)
    [Anonymous Symbol]                       0x08000c7c   Section        0  main.o(.text.PA12_gpio_config)
    [Anonymous Symbol]                       0x08000ca8   Section        0  main.o(.text.PA4_ADC_config)
    [Anonymous Symbol]                       0x08000d38   Section        0  main.o(.text.PA4_gpio_config)
    [Anonymous Symbol]                       0x08000d60   Section        0  main.o(.text.PB6_7_USART_Config)
    __arm_cp.11_0                            0x08000da0   Number         4  main.o(.text.PB6_7_USART_Config)
    [Anonymous Symbol]                       0x08000da4   Section        0  main.o(.text.PC12_gpio_config)
    __arm_cp.6_0                             0x08000dcc   Number         4  main.o(.text.PC12_gpio_config)
    [Anonymous Symbol]                       0x08000dd0   Section        0  main.o(.text.PD2_gpio_config)
    __arm_cp.7_0                             0x08000df8   Number         4  main.o(.text.PD2_gpio_config)
    [Anonymous Symbol]                       0x08000dfc   Section        0  stm32l1xx_ll_rcc.o(.text.RCC_GetSystemClockFreq)
    __arm_cp.2_0                             0x08000e34   Number         4  stm32l1xx_ll_rcc.o(.text.RCC_GetSystemClockFreq)
    __arm_cp.2_1                             0x08000e38   Number         4  stm32l1xx_ll_rcc.o(.text.RCC_GetSystemClockFreq)
    [Anonymous Symbol]                       0x08000e3c   Section        0  stm32l1xx_ll_rcc.o(.text.RCC_PLL_GetFreqDomain_SYS)
    __arm_cp.6_0                             0x08000e84   Number         4  stm32l1xx_ll_rcc.o(.text.RCC_PLL_GetFreqDomain_SYS)
    __arm_cp.6_1                             0x08000e88   Number         4  stm32l1xx_ll_rcc.o(.text.RCC_PLL_GetFreqDomain_SYS)
    __arm_cp.6_2                             0x08000e8c   Number         4  stm32l1xx_ll_rcc.o(.text.RCC_PLL_GetFreqDomain_SYS)
    [Anonymous Symbol]                       0x08000e90   Section        0  main.o(.text.SystemClock_Config)
    __arm_cp.1_1                             0x08000f3c   Number         4  main.o(.text.SystemClock_Config)
    __arm_cp.1_2                             0x08000f40   Number         4  main.o(.text.SystemClock_Config)
    [Anonymous Symbol]                       0x08000f44   Section        0  system_stm32l1xx.o(.text.SystemInit)
    __arm_cp.0_0                             0x08000f7c   Number         4  system_stm32l1xx.o(.text.SystemInit)
    __arm_cp.0_1                             0x08000f80   Number         4  system_stm32l1xx.o(.text.SystemInit)
    __arm_cp.0_2                             0x08000f84   Number         4  system_stm32l1xx.o(.text.SystemInit)
    __arm_cp.0_3                             0x08000f88   Number         4  system_stm32l1xx.o(.text.SystemInit)
    [Anonymous Symbol]                       0x08000f8c   Section        0  main.o(.text.USART_Config)
    [Anonymous Symbol]                       0x08000fc8   Section        0  main.o(.text.USART_SendString)
    __arm_cp.3_0                             0x08000fe4   Number         4  main.o(.text.USART_SendString)
    [Anonymous Symbol]                       0x08000fe8   Section        0  main.o(.text.main)
    __arm_cp.0_0                             0x080010a0   Number         4  main.o(.text.main)
    __arm_cp.0_1                             0x080010a4   Number         4  main.o(.text.main)
    __arm_cp.0_2                             0x080010a8   Number         4  main.o(.text.main)
    .bss                                     0x20000008   Section       96  libspace.o(.bss)
    [Anonymous Symbol]                       0x20000068   Section        0  main.o(.bss..L_MergedGlobals)
    Heap_Mem                                 0x200000b8   Data         512  startup_stm32l152xb.o(HEAP)
    HEAP                                     0x200000b8   Section      512  startup_stm32l152xb.o(HEAP)
    Stack_Mem                                0x200002b8   Data        1024  startup_stm32l152xb.o(STACK)
    STACK                                    0x200002b8   Section     1024  startup_stm32l152xb.o(STACK)
    __initial_sp                             0x200006b8   Data           0  startup_stm32l152xb.o(STACK)

    Global Symbols

    Symbol Name                              Value     Ov Type        Size  Object(Section)

    BuildAttributes$$THM_ISAv4$P$D$K$B$S$PE$A:L22UL41UL21$X:L11$S22US41US21$IEEE1$IW$~IW$USESV6$~STKCKD$USESV7$~SHL$OSPACE$ROPI$EBA8$UX$STANDARDLIB$REQ8$PRES8$EABIv2 0x00000000   Number         0  anon$$obj.o ABSOLUTE
    __fp_init_empty                          0x00000000   Number         0  fpinit_empty.o ABSOLUTE
    __ARM_exceptions_init                     - Undefined Weak Reference
    __alloca_initialize                       - Undefined Weak Reference
    __arm_preinit_                            - Undefined Weak Reference
    __arm_relocate_pie_                       - Undefined Weak Reference
    __cpp_initialize__aeabi_                  - Undefined Weak Reference
    __cxa_finalize                            - Undefined Weak Reference
    __rt_locale                               - Undefined Weak Reference
    __sigvec_lookup                           - Undefined Weak Reference
    _atexit_init                              - Undefined Weak Reference
    _call_atexit_fns                          - Undefined Weak Reference
    _clock_init                               - Undefined Weak Reference
    _fp_trap_init                             - Undefined Weak Reference
    _fp_trap_shutdown                         - Undefined Weak Reference
    _get_lc_collate                           - Undefined Weak Reference
    _get_lc_ctype                             - Undefined Weak Reference
    _get_lc_monetary                          - Undefined Weak Reference
    _get_lc_numeric                           - Undefined Weak Reference
    _get_lc_time                              - Undefined Weak Reference
    _getenv_init                              - Undefined Weak Reference
    _handle_redirection                       - Undefined Weak Reference
    _init_alloc                               - Undefined Weak Reference
    _init_user_alloc                          - Undefined Weak Reference
    _initio                                   - Undefined Weak Reference
    _printf_post_padding                      - Undefined Weak Reference
    _printf_pre_padding                       - Undefined Weak Reference
    _printf_truncate_signed                   - Undefined Weak Reference
    _printf_truncate_unsigned                 - Undefined Weak Reference
    _rand_init                                - Undefined Weak Reference
    _signal_finish                            - Undefined Weak Reference
    _signal_init                              - Undefined Weak Reference
    _terminate_alloc                          - Undefined Weak Reference
    _terminate_user_alloc                     - Undefined Weak Reference
    _terminateio                              - Undefined Weak Reference
    __Vectors_Size                           0x000000f4   Number         0  startup_stm32l152xb.o ABSOLUTE
    __Vectors                                0x08000000   Data           4  startup_stm32l152xb.o(RESET)
    __Vectors_End                            0x080000f4   Data           0  startup_stm32l152xb.o(RESET)
    __main                                   0x080000f5   Thumb Code     8  __main.o(!!!main)
    __scatterload                            0x080000fd   Thumb Code     0  __scatter.o(!!!scatter)
    __scatterload_rt2                        0x080000fd   Thumb Code    44  __scatter.o(!!!scatter)
    __scatterload_rt2_thumb_only             0x080000fd   Thumb Code     0  __scatter.o(!!!scatter)
    __scatterload_null                       0x0800010b   Thumb Code     0  __scatter.o(!!!scatter)
    __scatterload_copy                       0x08000131   Thumb Code    26  __scatter_copy.o(!!handler_copy)
    __scatterload_zeroinit                   0x0800014d   Thumb Code    28  __scatter_zi.o(!!handler_zi)
    _printf_d                                0x08000169   Thumb Code     0  _printf_d.o(.ARM.Collect$$_printf_percent$$00000009)
    _printf_percent                          0x08000169   Thumb Code     0  _printf_percent.o(.ARM.Collect$$_printf_percent$$00000000)
    _printf_percent_end                      0x0800016f   Thumb Code     0  _printf_percent_end.o(.ARM.Collect$$_printf_percent$$00000017)
    __rt_lib_init                            0x08000173   Thumb Code     0  libinit.o(.ARM.Collect$$libinit$$00000000)
    __rt_lib_init_alloca_1                   0x08000175   Thumb Code     0  libinit2.o(.ARM.Collect$$libinit$$00000030)
    __rt_lib_init_argv_1                     0x08000175   Thumb Code     0  libinit2.o(.ARM.Collect$$libinit$$0000002E)
    __rt_lib_init_atexit_1                   0x08000175   Thumb Code     0  libinit2.o(.ARM.Collect$$libinit$$0000001D)
    __rt_lib_init_clock_1                    0x08000175   Thumb Code     0  libinit2.o(.ARM.Collect$$libinit$$00000023)
    __rt_lib_init_cpp_1                      0x08000175   Thumb Code     0  libinit2.o(.ARM.Collect$$libinit$$00000034)
    __rt_lib_init_exceptions_1               0x08000175   Thumb Code     0  libinit2.o(.ARM.Collect$$libinit$$00000032)
    __rt_lib_init_fp_1                       0x08000175   Thumb Code     0  libinit2.o(.ARM.Collect$$libinit$$00000002)
    __rt_lib_init_fp_trap_1                  0x08000175   Thumb Code     0  libinit2.o(.ARM.Collect$$libinit$$00000021)
    __rt_lib_init_getenv_1                   0x08000175   Thumb Code     0  libinit2.o(.ARM.Collect$$libinit$$00000025)
    __rt_lib_init_heap_1                     0x08000175   Thumb Code     0  libinit2.o(.ARM.Collect$$libinit$$0000000C)
    __rt_lib_init_lc_collate_1               0x08000175   Thumb Code     0  libinit2.o(.ARM.Collect$$libinit$$00000013)
    __rt_lib_init_lc_ctype_1                 0x08000175   Thumb Code     0  libinit2.o(.ARM.Collect$$libinit$$00000015)
    __rt_lib_init_lc_monetary_1              0x08000175   Thumb Code     0  libinit2.o(.ARM.Collect$$libinit$$00000017)
    __rt_lib_init_lc_numeric_1               0x08000175   Thumb Code     0  libinit2.o(.ARM.Collect$$libinit$$00000019)
    __rt_lib_init_lc_time_1                  0x08000175   Thumb Code     0  libinit2.o(.ARM.Collect$$libinit$$0000001B)
    __rt_lib_init_preinit_1                  0x08000175   Thumb Code     0  libinit2.o(.ARM.Collect$$libinit$$00000006)
    __rt_lib_init_rand_1                     0x08000175   Thumb Code     0  libinit2.o(.ARM.Collect$$libinit$$00000010)
    __rt_lib_init_relocate_pie_1             0x08000175   Thumb Code     0  libinit2.o(.ARM.Collect$$libinit$$00000004)
    __rt_lib_init_return                     0x08000175   Thumb Code     0  libinit2.o(.ARM.Collect$$libinit$$00000035)
    __rt_lib_init_signal_1                   0x08000175   Thumb Code     0  libinit2.o(.ARM.Collect$$libinit$$0000001F)
    __rt_lib_init_stdio_1                    0x08000175   Thumb Code     0  libinit2.o(.ARM.Collect$$libinit$$00000027)
    __rt_lib_init_user_alloc_1               0x08000175   Thumb Code     0  libinit2.o(.ARM.Collect$$libinit$$0000000E)
    __rt_lib_shutdown                        0x08000177   Thumb Code     0  libshutdown.o(.ARM.Collect$$libshutdown$$00000000)
    __rt_lib_shutdown_cpp_1                  0x08000179   Thumb Code     0  libshutdown2.o(.ARM.Collect$$libshutdown$$00000002)
    __rt_lib_shutdown_fp_trap_1              0x08000179   Thumb Code     0  libshutdown2.o(.ARM.Collect$$libshutdown$$00000007)
    __rt_lib_shutdown_heap_1                 0x08000179   Thumb Code     0  libshutdown2.o(.ARM.Collect$$libshutdown$$0000000F)
    __rt_lib_shutdown_return                 0x08000179   Thumb Code     0  libshutdown2.o(.ARM.Collect$$libshutdown$$00000010)
    __rt_lib_shutdown_signal_1               0x08000179   Thumb Code     0  libshutdown2.o(.ARM.Collect$$libshutdown$$0000000A)
    __rt_lib_shutdown_stdio_1                0x08000179   Thumb Code     0  libshutdown2.o(.ARM.Collect$$libshutdown$$00000004)
    __rt_lib_shutdown_user_alloc_1           0x08000179   Thumb Code     0  libshutdown2.o(.ARM.Collect$$libshutdown$$0000000C)
    __rt_entry                               0x0800017b   Thumb Code     0  __rtentry.o(.ARM.Collect$$rtentry$$00000000)
    __rt_entry_presh_1                       0x0800017b   Thumb Code     0  __rtentry2.o(.ARM.Collect$$rtentry$$00000002)
    __rt_entry_sh                            0x0800017b   Thumb Code     0  __rtentry4.o(.ARM.Collect$$rtentry$$00000004)
    __rt_entry_li                            0x08000181   Thumb Code     0  __rtentry2.o(.ARM.Collect$$rtentry$$0000000A)
    __rt_entry_postsh_1                      0x08000181   Thumb Code     0  __rtentry2.o(.ARM.Collect$$rtentry$$00000009)
    __rt_entry_main                          0x08000185   Thumb Code     0  __rtentry2.o(.ARM.Collect$$rtentry$$0000000D)
    __rt_entry_postli_1                      0x08000185   Thumb Code     0  __rtentry2.o(.ARM.Collect$$rtentry$$0000000C)
    __rt_exit                                0x0800018d   Thumb Code     0  rtexit.o(.ARM.Collect$$rtexit$$00000000)
    __rt_exit_ls                             0x0800018f   Thumb Code     0  rtexit2.o(.ARM.Collect$$rtexit$$00000003)
    __rt_exit_prels_1                        0x0800018f   Thumb Code     0  rtexit2.o(.ARM.Collect$$rtexit$$00000002)
    __rt_exit_exit                           0x08000193   Thumb Code     0  rtexit2.o(.ARM.Collect$$rtexit$$00000004)
    Reset_Handler                            0x08000199   Thumb Code     8  startup_stm32l152xb.o(.text)
    NMI_Handler                              0x080001a1   Thumb Code     2  startup_stm32l152xb.o(.text)
    HardFault_Handler                        0x080001a3   Thumb Code     2  startup_stm32l152xb.o(.text)
    MemManage_Handler                        0x080001a5   Thumb Code     2  startup_stm32l152xb.o(.text)
    BusFault_Handler                         0x080001a7   Thumb Code     2  startup_stm32l152xb.o(.text)
    UsageFault_Handler                       0x080001a9   Thumb Code     2  startup_stm32l152xb.o(.text)
    SVC_Handler                              0x080001ab   Thumb Code     2  startup_stm32l152xb.o(.text)
    DebugMon_Handler                         0x080001ad   Thumb Code     2  startup_stm32l152xb.o(.text)
    PendSV_Handler                           0x080001af   Thumb Code     2  startup_stm32l152xb.o(.text)
    SysTick_Handler                          0x080001b1   Thumb Code     2  startup_stm32l152xb.o(.text)
    ADC1_IRQHandler                          0x080001b3   Thumb Code     0  startup_stm32l152xb.o(.text)
    COMP_IRQHandler                          0x080001b3   Thumb Code     0  startup_stm32l152xb.o(.text)
    DAC_IRQHandler                           0x080001b3   Thumb Code     0  startup_stm32l152xb.o(.text)
    DMA1_Channel1_IRQHandler                 0x080001b3   Thumb Code     0  startup_stm32l152xb.o(.text)
    DMA1_Channel2_IRQHandler                 0x080001b3   Thumb Code     0  startup_stm32l152xb.o(.text)
    DMA1_Channel3_IRQHandler                 0x080001b3   Thumb Code     0  startup_stm32l152xb.o(.text)
    DMA1_Channel4_IRQHandler                 0x080001b3   Thumb Code     0  startup_stm32l152xb.o(.text)
    DMA1_Channel5_IRQHandler                 0x080001b3   Thumb Code     0  startup_stm32l152xb.o(.text)
    DMA1_Channel6_IRQHandler                 0x080001b3   Thumb Code     0  startup_stm32l152xb.o(.text)
    DMA1_Channel7_IRQHandler                 0x080001b3   Thumb Code     0  startup_stm32l152xb.o(.text)
    EXTI0_IRQHandler                         0x080001b3   Thumb Code     0  startup_stm32l152xb.o(.text)
    EXTI15_10_IRQHandler                     0x080001b3   Thumb Code     0  startup_stm32l152xb.o(.text)
    EXTI1_IRQHandler                         0x080001b3   Thumb Code     0  startup_stm32l152xb.o(.text)
    EXTI2_IRQHandler                         0x080001b3   Thumb Code     0  startup_stm32l152xb.o(.text)
    EXTI3_IRQHandler                         0x080001b3   Thumb Code     0  startup_stm32l152xb.o(.text)
    EXTI4_IRQHandler                         0x080001b3   Thumb Code     0  startup_stm32l152xb.o(.text)
    EXTI9_5_IRQHandler                       0x080001b3   Thumb Code     0  startup_stm32l152xb.o(.text)
    FLASH_IRQHandler                         0x080001b3   Thumb Code     0  startup_stm32l152xb.o(.text)
    I2C1_ER_IRQHandler                       0x080001b3   Thumb Code     0  startup_stm32l152xb.o(.text)
    I2C1_EV_IRQHandler                       0x080001b3   Thumb Code     0  startup_stm32l152xb.o(.text)
    I2C2_ER_IRQHandler                       0x080001b3   Thumb Code     0  startup_stm32l152xb.o(.text)
    I2C2_EV_IRQHandler                       0x080001b3   Thumb Code     0  startup_stm32l152xb.o(.text)
    LCD_IRQHandler                           0x080001b3   Thumb Code     0  startup_stm32l152xb.o(.text)
    PVD_IRQHandler                           0x080001b3   Thumb Code     0  startup_stm32l152xb.o(.text)
    RCC_IRQHandler                           0x080001b3   Thumb Code     0  startup_stm32l152xb.o(.text)
    RTC_Alarm_IRQHandler                     0x080001b3   Thumb Code     0  startup_stm32l152xb.o(.text)
    RTC_WKUP_IRQHandler                      0x080001b3   Thumb Code     0  startup_stm32l152xb.o(.text)
    SPI1_IRQHandler                          0x080001b3   Thumb Code     0  startup_stm32l152xb.o(.text)
    SPI2_IRQHandler                          0x080001b3   Thumb Code     0  startup_stm32l152xb.o(.text)
    TAMPER_STAMP_IRQHandler                  0x080001b3   Thumb Code     0  startup_stm32l152xb.o(.text)
    TIM10_IRQHandler                         0x080001b3   Thumb Code     0  startup_stm32l152xb.o(.text)
    TIM11_IRQHandler                         0x080001b3   Thumb Code     0  startup_stm32l152xb.o(.text)
    TIM2_IRQHandler                          0x080001b3   Thumb Code     0  startup_stm32l152xb.o(.text)
    TIM3_IRQHandler                          0x080001b3   Thumb Code     0  startup_stm32l152xb.o(.text)
    TIM4_IRQHandler                          0x080001b3   Thumb Code     0  startup_stm32l152xb.o(.text)
    TIM6_IRQHandler                          0x080001b3   Thumb Code     0  startup_stm32l152xb.o(.text)
    TIM7_IRQHandler                          0x080001b3   Thumb Code     0  startup_stm32l152xb.o(.text)
    TIM9_IRQHandler                          0x080001b3   Thumb Code     0  startup_stm32l152xb.o(.text)
    USART1_IRQHandler                        0x080001b3   Thumb Code     0  startup_stm32l152xb.o(.text)
    USART2_IRQHandler                        0x080001b3   Thumb Code     0  startup_stm32l152xb.o(.text)
    USART3_IRQHandler                        0x080001b3   Thumb Code     0  startup_stm32l152xb.o(.text)
    USB_FS_WKUP_IRQHandler                   0x080001b3   Thumb Code     0  startup_stm32l152xb.o(.text)
    USB_HP_IRQHandler                        0x080001b3   Thumb Code     0  startup_stm32l152xb.o(.text)
    USB_LP_IRQHandler                        0x080001b3   Thumb Code     0  startup_stm32l152xb.o(.text)
    WWDG_IRQHandler                          0x080001b3   Thumb Code     0  startup_stm32l152xb.o(.text)
    __user_initial_stackheap                 0x080001b5   Thumb Code     0  startup_stm32l152xb.o(.text)
    __2sprintf                               0x080001d9   Thumb Code    34  noretval__2sprintf.o(.text)
    __printf                                 0x08000201   Thumb Code   104  __printf.o(.text)
    _printf_int_dec                          0x08000269   Thumb Code   104  _printf_dec.o(.text)
    __use_two_region_memory                  0x080002e1   Thumb Code     2  heapauxi.o(.text)
    __rt_heap_escrow$2region                 0x080002e3   Thumb Code     2  heapauxi.o(.text)
    __rt_heap_expand$2region                 0x080002e5   Thumb Code     2  heapauxi.o(.text)
    _printf_int_common                       0x080002e7   Thumb Code   178  _printf_intcommon.o(.text)
    _printf_char_common                      0x080003a3   Thumb Code    32  _printf_char_common.o(.text)
    _sputc                                   0x080003c9   Thumb Code    10  _sputc.o(.text)
    __user_setup_stackheap                   0x080003d3   Thumb Code    74  sys_stackheap_outer.o(.text)
    exit                                     0x0800041d   Thumb Code    18  exit.o(.text)
    __user_libspace                          0x08000431   Thumb Code     8  libspace.o(.text)
    __user_perproc_libspace                  0x08000431   Thumb Code     0  libspace.o(.text)
    __user_perthread_libspace                0x08000431   Thumb Code     0  libspace.o(.text)
    _sys_exit                                0x08000439   Thumb Code     8  sys_exit.o(.text)
    __I$use$semihosting                      0x08000445   Thumb Code     0  use_no_semi.o(.text)
    __use_no_semihosting_swi                 0x08000445   Thumb Code     2  use_no_semi.o(.text)
    __semihosting_library_function           0x08000447   Thumb Code     0  indicate_semi.o(.text)
    LCD_GLASS_DisplayChar                    0x08000449   Thumb Code   580  stm32l152_glass_lcd.o(.text.LCD_GLASS_DisplayChar)
    LCD_GLASS_DisplayString                  0x080006ad   Thumb Code    40  stm32l152_glass_lcd.o(.text.LCD_GLASS_DisplayString)
    LCD_GLASS_Init                           0x080006d5   Thumb Code   228  stm32l152_glass_lcd.o(.text.LCD_GLASS_Init)
    LCD_WaitForSynchro                       0x080007cd   Thumb Code    12  stm32l1xx_ll_lcd.o(.text.LCD_WaitForSynchro)
    LL_ADC_Init                              0x080007d9   Thumb Code    56  stm32l1xx_ll_adc.o(.text.LL_ADC_Init)
    LL_GPIO_Init                             0x08000881   Thumb Code   286  stm32l1xx_ll_gpio.o(.text.LL_GPIO_Init)
    LL_Init1msTick                           0x080009a1   Thumb Code    24  stm32l1xx_ll_utils.o(.text.LL_Init1msTick)
    LL_LCD_Clear                             0x080009b9   Thumb Code    36  stm32l1xx_ll_lcd.o(.text.LL_LCD_Clear)
    LL_LCD_Init                              0x080009dd   Thumb Code   124  stm32l1xx_ll_lcd.o(.text.LL_LCD_Init)
    LL_LCD_UpdateDisplayRequest              0x08000a5d   Thumb Code    24  stm32l1xx_ll_lcd.o(.text.LL_LCD_UpdateDisplayRequest)
    LL_LCD_Write                             0x08000a75   Thumb Code    28  stm32l1xx_ll_lcd.o(.text.LL_LCD_Write)
    LL_RCC_GetSystemClocksFreq               0x08000a95   Thumb Code    56  stm32l1xx_ll_rcc.o(.text.LL_RCC_GetSystemClocksFreq)
    LL_SetSystemCoreClock                    0x08000ad5   Thumb Code     8  stm32l1xx_ll_utils.o(.text.LL_SetSystemCoreClock)
    LL_USART_Init                            0x08000ae1   Thumb Code   200  stm32l1xx_ll_usart.o(.text.LL_USART_Init)
    LL_mDelay                                0x08000bb9   Thumb Code    36  stm32l1xx_ll_utils.o(.text.LL_mDelay)
    PA12_gpio_config                         0x08000c7d   Thumb Code    44  main.o(.text.PA12_gpio_config)
    PA4_ADC_config                           0x08000ca9   Thumb Code   144  main.o(.text.PA4_ADC_config)
    PA4_gpio_config                          0x08000d39   Thumb Code    40  main.o(.text.PA4_gpio_config)
    PB6_7_USART_Config                       0x08000d61   Thumb Code    64  main.o(.text.PB6_7_USART_Config)
    PC12_gpio_config                         0x08000da5   Thumb Code    40  main.o(.text.PC12_gpio_config)
    PD2_gpio_config                          0x08000dd1   Thumb Code    40  main.o(.text.PD2_gpio_config)
    RCC_GetSystemClockFreq                   0x08000dfd   Thumb Code    56  stm32l1xx_ll_rcc.o(.text.RCC_GetSystemClockFreq)
    RCC_PLL_GetFreqDomain_SYS                0x08000e3d   Thumb Code    72  stm32l1xx_ll_rcc.o(.text.RCC_PLL_GetFreqDomain_SYS)
    SystemClock_Config                       0x08000e91   Thumb Code   172  main.o(.text.SystemClock_Config)
    SystemInit                               0x08000f45   Thumb Code    56  system_stm32l1xx.o(.text.SystemInit)
    USART_Config                             0x08000f8d   Thumb Code    60  main.o(.text.USART_Config)
    USART_SendString                         0x08000fc9   Thumb Code    28  main.o(.text.USART_SendString)
    main                                     0x08000fe9   Thumb Code   184  main.o(.text.main)
    AHBPrescTable                            0x080010b4   Data          16  system_stm32l1xx.o(.rodata.AHBPrescTable)
    APBPrescTable                            0x080010c4   Data           8  system_stm32l1xx.o(.rodata.APBPrescTable)
    CapLetterMap                             0x080010cc   Data          52  stm32l152_glass_lcd.o(.rodata.CapLetterMap)
    NumberMap                                0x08001100   Data          20  stm32l152_glass_lcd.o(.rodata.NumberMap)
    PLLMulTable                              0x08001114   Data           9  system_stm32l1xx.o(.rodata.PLLMulTable)
    Region$$Table$$Base                      0x08001120   Number         0  anon$$obj.o(Region$$Table)
    Region$$Table$$Limit                     0x08001140   Number         0  anon$$obj.o(Region$$Table)
    SystemCoreClock                          0x20000000   Data           4  system_stm32l1xx.o(.data.SystemCoreClock)
    __libspace_start                         0x20000008   Data          96  libspace.o(.bss)
    __temporary_stack_top$libspace           0x20000068   Data           0  libspace.o(.bss)
    adc_data                                 0x20000068   Data           4  main.o(.bss..L_MergedGlobals)
    disp_str                                 0x2000006c   Data           7  main.o(.bss..L_MergedGlobals)
    Digit                                    0x20000074   Data          16  stm32l152_glass_lcd.o(.bss.Digit)
    LCD_InitStructure                        0x20000084   Data          48  stm32l152_glass_lcd.o(.bss.LCD_InitStructure)



==============================================================================

Memory Map of the image

  Image Entry point : 0x08000199

  Load Region LR_1 (Base: 0x08000000, Size: 0x00001144, Max: 0xffffffff, ABSOLUTE)

    Execution Region ER_RO (Exec base: 0x08000000, Load base: 0x08000000, Size: 0x00001140, Max: 0xffffffff, ABSOLUTE)

    Exec Addr    Load Addr    Size         Type   Attr      Idx    E Section Name        Object

    0x08000000   0x08000000   0x000000f4   Data   RO           19    RESET               startup_stm32l152xb.o
    0x080000f4   0x080000f4   0x00000008   Code   RO          298  * !!!main             c_w.l(__main.o)
    0x080000fc   0x080000fc   0x00000034   Code   RO          472    !!!scatter          c_w.l(__scatter.o)
    0x08000130   0x08000130   0x0000001a   Code   RO          474    !!handler_copy      c_w.l(__scatter_copy.o)
    0x0800014a   0x0800014a   0x00000002   PAD
    0x0800014c   0x0800014c   0x0000001c   Code   RO          476    !!handler_zi        c_w.l(__scatter_zi.o)
    0x08000168   0x08000168   0x00000000   Code   RO          293    .ARM.Collect$$_printf_percent$$00000000  c_w.l(_printf_percent.o)
    0x08000168   0x08000168   0x00000006   Code   RO          292    .ARM.Collect$$_printf_percent$$00000009  c_w.l(_printf_d.o)
    0x0800016e   0x0800016e   0x00000004   Code   RO          307    .ARM.Collect$$_printf_percent$$00000017  c_w.l(_printf_percent_end.o)
    0x08000172   0x08000172   0x00000002   Code   RO          334    .ARM.Collect$$libinit$$00000000  c_w.l(libinit.o)
    0x08000174   0x08000174   0x00000000   Code   RO          341    .ARM.Collect$$libinit$$00000002  c_w.l(libinit2.o)
    0x08000174   0x08000174   0x00000000   Code   RO          343    .ARM.Collect$$libinit$$00000004  c_w.l(libinit2.o)
    0x08000174   0x08000174   0x00000000   Code   RO          345    .ARM.Collect$$libinit$$00000006  c_w.l(libinit2.o)
    0x08000174   0x08000174   0x00000000   Code   RO          348    .ARM.Collect$$libinit$$0000000C  c_w.l(libinit2.o)
    0x08000174   0x08000174   0x00000000   Code   RO          350    .ARM.Collect$$libinit$$0000000E  c_w.l(libinit2.o)
    0x08000174   0x08000174   0x00000000   Code   RO          352    .ARM.Collect$$libinit$$00000010  c_w.l(libinit2.o)
    0x08000174   0x08000174   0x00000000   Code   RO          355    .ARM.Collect$$libinit$$00000013  c_w.l(libinit2.o)
    0x08000174   0x08000174   0x00000000   Code   RO          357    .ARM.Collect$$libinit$$00000015  c_w.l(libinit2.o)
    0x08000174   0x08000174   0x00000000   Code   RO          359    .ARM.Collect$$libinit$$00000017  c_w.l(libinit2.o)
    0x08000174   0x08000174   0x00000000   Code   RO          361    .ARM.Collect$$libinit$$00000019  c_w.l(libinit2.o)
    0x08000174   0x08000174   0x00000000   Code   RO          363    .ARM.Collect$$libinit$$0000001B  c_w.l(libinit2.o)
    0x08000174   0x08000174   0x00000000   Code   RO          365    .ARM.Collect$$libinit$$0000001D  c_w.l(libinit2.o)
    0x08000174   0x08000174   0x00000000   Code   RO          367    .ARM.Collect$$libinit$$0000001F  c_w.l(libinit2.o)
    0x08000174   0x08000174   0x00000000   Code   RO          369    .ARM.Collect$$libinit$$00000021  c_w.l(libinit2.o)
    0x08000174   0x08000174   0x00000000   Code   RO          371    .ARM.Collect$$libinit$$00000023  c_w.l(libinit2.o)
    0x08000174   0x08000174   0x00000000   Code   RO          373    .ARM.Collect$$libinit$$00000025  c_w.l(libinit2.o)
    0x08000174   0x08000174   0x00000000   Code   RO          375    .ARM.Collect$$libinit$$00000027  c_w.l(libinit2.o)
    0x08000174   0x08000174   0x00000000   Code   RO          379    .ARM.Collect$$libinit$$0000002E  c_w.l(libinit2.o)
    0x08000174   0x08000174   0x00000000   Code   RO          381    .ARM.Collect$$libinit$$00000030  c_w.l(libinit2.o)
    0x08000174   0x08000174   0x00000000   Code   RO          383    .ARM.Collect$$libinit$$00000032  c_w.l(libinit2.o)
    0x08000174   0x08000174   0x00000000   Code   RO          385    .ARM.Collect$$libinit$$00000034  c_w.l(libinit2.o)
    0x08000174   0x08000174   0x00000002   Code   RO          386    .ARM.Collect$$libinit$$00000035  c_w.l(libinit2.o)
    0x08000176   0x08000176   0x00000002   Code   RO          408    .ARM.Collect$$libshutdown$$00000000  c_w.l(libshutdown.o)
    0x08000178   0x08000178   0x00000000   Code   RO          423    .ARM.Collect$$libshutdown$$00000002  c_w.l(libshutdown2.o)
    0x08000178   0x08000178   0x00000000   Code   RO          425    .ARM.Collect$$libshutdown$$00000004  c_w.l(libshutdown2.o)
    0x08000178   0x08000178   0x00000000   Code   RO          428    .ARM.Collect$$libshutdown$$00000007  c_w.l(libshutdown2.o)
    0x08000178   0x08000178   0x00000000   Code   RO          431    .ARM.Collect$$libshutdown$$0000000A  c_w.l(libshutdown2.o)
    0x08000178   0x08000178   0x00000000   Code   RO          433    .ARM.Collect$$libshutdown$$0000000C  c_w.l(libshutdown2.o)
    0x08000178   0x08000178   0x00000000   Code   RO          436    .ARM.Collect$$libshutdown$$0000000F  c_w.l(libshutdown2.o)
    0x08000178   0x08000178   0x00000002   Code   RO          437    .ARM.Collect$$libshutdown$$00000010  c_w.l(libshutdown2.o)
    0x0800017a   0x0800017a   0x00000000   Code   RO          300    .ARM.Collect$$rtentry$$00000000  c_w.l(__rtentry.o)
    0x0800017a   0x0800017a   0x00000000   Code   RO          309    .ARM.Collect$$rtentry$$00000002  c_w.l(__rtentry2.o)
    0x0800017a   0x0800017a   0x00000006   Code   RO          321    .ARM.Collect$$rtentry$$00000004  c_w.l(__rtentry4.o)
    0x08000180   0x08000180   0x00000000   Code   RO          311    .ARM.Collect$$rtentry$$00000009  c_w.l(__rtentry2.o)
    0x08000180   0x08000180   0x00000004   Code   RO          312    .ARM.Collect$$rtentry$$0000000A  c_w.l(__rtentry2.o)
    0x08000184   0x08000184   0x00000000   Code   RO          314    .ARM.Collect$$rtentry$$0000000C  c_w.l(__rtentry2.o)
    0x08000184   0x08000184   0x00000008   Code   RO          315    .ARM.Collect$$rtentry$$0000000D  c_w.l(__rtentry2.o)
    0x0800018c   0x0800018c   0x00000002   Code   RO          338    .ARM.Collect$$rtexit$$00000000  c_w.l(rtexit.o)
    0x0800018e   0x0800018e   0x00000000   Code   RO          388    .ARM.Collect$$rtexit$$00000002  c_w.l(rtexit2.o)
    0x0800018e   0x0800018e   0x00000004   Code   RO          389    .ARM.Collect$$rtexit$$00000003  c_w.l(rtexit2.o)
    0x08000192   0x08000192   0x00000006   Code   RO          390    .ARM.Collect$$rtexit$$00000004  c_w.l(rtexit2.o)
    0x08000198   0x08000198   0x00000040   Code   RO           20  * .text               startup_stm32l152xb.o
    0x080001d8   0x080001d8   0x00000028   Code   RO          266    .text               c_w.l(noretval__2sprintf.o)
    0x08000200   0x08000200   0x00000068   Code   RO          268    .text               c_w.l(__printf.o)
    0x08000268   0x08000268   0x00000078   Code   RO          270    .text               c_w.l(_printf_dec.o)
    0x080002e0   0x080002e0   0x00000006   Code   RO          296    .text               c_w.l(heapauxi.o)
    0x080002e6   0x080002e6   0x000000b2   Code   RO          301    .text               c_w.l(_printf_intcommon.o)
    0x08000398   0x08000398   0x00000030   Code   RO          303    .text               c_w.l(_printf_char_common.o)
    0x080003c8   0x080003c8   0x0000000a   Code   RO          305    .text               c_w.l(_sputc.o)
    0x080003d2   0x080003d2   0x0000004a   Code   RO          325    .text               c_w.l(sys_stackheap_outer.o)
    0x0800041c   0x0800041c   0x00000012   Code   RO          327    .text               c_w.l(exit.o)
    0x0800042e   0x0800042e   0x00000002   PAD
    0x08000430   0x08000430   0x00000008   Code   RO          335    .text               c_w.l(libspace.o)
    0x08000438   0x08000438   0x0000000c   Code   RO          398    .text               c_w.l(sys_exit.o)
    0x08000444   0x08000444   0x00000002   Code   RO          413    .text               c_w.l(use_no_semi.o)
    0x08000446   0x08000446   0x00000000   Code   RO          415    .text               c_w.l(indicate_semi.o)
    0x08000446   0x08000446   0x00000002   PAD
    0x08000448   0x08000448   0x00000264   Code   RO          177    .text.LCD_GLASS_DisplayChar  stm32l152_glass_lcd.o
    0x080006ac   0x080006ac   0x00000028   Code   RO          179    .text.LCD_GLASS_DisplayString  stm32l152_glass_lcd.o
    0x080006d4   0x080006d4   0x000000f8   Code   RO          161    .text.LCD_GLASS_Init  stm32l152_glass_lcd.o
    0x080007cc   0x080007cc   0x0000000c   Code   RO          225    .text.LCD_WaitForSynchro  stm32l1xx_ll_lcd.o
    0x080007d8   0x080007d8   0x0000003c   Code   RO          141    .text.LL_ADC_Init   stm32l1xx_ll_adc.o
    0x08000814   0x08000814   0x00000018   Code   RO           37    .text.LL_AHB1_GRP1_EnableClock  main.o
    0x0800082c   0x0800082c   0x0000001c   Code   RO          187    .text.LL_AHB1_GRP1_EnableClock  stm32l152_glass_lcd.o
    0x08000848   0x08000848   0x0000001c   Code   RO          185    .text.LL_APB1_GRP1_EnableClock  stm32l152_glass_lcd.o
    0x08000864   0x08000864   0x0000001c   Code   RO           47    .text.LL_APB2_GRP1_EnableClock  main.o
    0x08000880   0x08000880   0x0000011e   Code   RO           91    .text.LL_GPIO_Init  stm32l1xx_ll_gpio.o
    0x0800099e   0x0800099e   0x00000002   PAD
    0x080009a0   0x080009a0   0x00000018   Code   RO           63    .text.LL_Init1msTick  stm32l1xx_ll_utils.o
    0x080009b8   0x080009b8   0x00000024   Code   RO          231    .text.LL_LCD_Clear  stm32l1xx_ll_lcd.o
    0x080009dc   0x080009dc   0x00000080   Code   RO          227    .text.LL_LCD_Init   stm32l1xx_ll_lcd.o
    0x08000a5c   0x08000a5c   0x00000018   Code   RO          233    .text.LL_LCD_UpdateDisplayRequest  stm32l1xx_ll_lcd.o
    0x08000a74   0x08000a74   0x00000020   Code   RO          229    .text.LL_LCD_Write  stm32l1xx_ll_lcd.o
    0x08000a94   0x08000a94   0x00000040   Code   RO          105    .text.LL_RCC_GetSystemClocksFreq  stm32l1xx_ll_rcc.o
    0x08000ad4   0x08000ad4   0x0000000c   Code   RO           67    .text.LL_SetSystemCoreClock  stm32l1xx_ll_utils.o
    0x08000ae0   0x08000ae0   0x000000d8   Code   RO          245    .text.LL_USART_Init  stm32l1xx_ll_usart.o
    0x08000bb8   0x08000bb8   0x00000028   Code   RO           65    .text.LL_mDelay     stm32l1xx_ll_utils.o
    0x08000be0   0x08000be0   0x0000000e   Code   RO           51    .text.OUTLINED_FUNCTION_0  main.o
    0x08000bee   0x08000bee   0x00000012   Code   RO          189    .text.OUTLINED_FUNCTION_0  stm32l152_glass_lcd.o
    0x08000c00   0x08000c00   0x00000012   Code   RO          253    .text.OUTLINED_FUNCTION_0  stm32l1xx_ll_usart.o
    0x08000c12   0x08000c12   0x00000012   Code   RO          191    .text.OUTLINED_FUNCTION_1  stm32l152_glass_lcd.o
    0x08000c24   0x08000c24   0x0000000e   Code   RO          193    .text.OUTLINED_FUNCTION_2  stm32l152_glass_lcd.o
    0x08000c32   0x08000c32   0x0000000e   Code   RO          195    .text.OUTLINED_FUNCTION_3  stm32l152_glass_lcd.o
    0x08000c40   0x08000c40   0x0000000e   Code   RO          197    .text.OUTLINED_FUNCTION_4  stm32l152_glass_lcd.o
    0x08000c4e   0x08000c4e   0x0000000e   Code   RO          201    .text.OUTLINED_FUNCTION_6  stm32l152_glass_lcd.o
    0x08000c5c   0x08000c5c   0x0000000e   Code   RO          203    .text.OUTLINED_FUNCTION_7  stm32l152_glass_lcd.o
    0x08000c6a   0x08000c6a   0x0000000c   Code   RO          205    .text.OUTLINED_FUNCTION_8  stm32l152_glass_lcd.o
    0x08000c76   0x08000c76   0x00000006   Code   RO          207    .text.OUTLINED_FUNCTION_9  stm32l152_glass_lcd.o
    0x08000c7c   0x08000c7c   0x0000002c   Code   RO           35    .text.PA12_gpio_config  main.o
    0x08000ca8   0x08000ca8   0x00000090   Code   RO           45    .text.PA4_ADC_config  main.o
    0x08000d38   0x08000d38   0x00000028   Code   RO           43    .text.PA4_gpio_config  main.o
    0x08000d60   0x08000d60   0x00000044   Code   RO           49    .text.PB6_7_USART_Config  main.o
    0x08000da4   0x08000da4   0x0000002c   Code   RO           39    .text.PC12_gpio_config  main.o
    0x08000dd0   0x08000dd0   0x0000002c   Code   RO           41    .text.PD2_gpio_config  main.o
    0x08000dfc   0x08000dfc   0x00000040   Code   RO          107    .text.RCC_GetSystemClockFreq  stm32l1xx_ll_rcc.o
    0x08000e3c   0x08000e3c   0x00000054   Code   RO          115    .text.RCC_PLL_GetFreqDomain_SYS  stm32l1xx_ll_rcc.o
    0x08000e90   0x08000e90   0x000000b4   Code   RO           29    .text.SystemClock_Config  main.o
    0x08000f44   0x08000f44   0x00000048   Code   RO            2    .text.SystemInit    system_stm32l1xx.o
    0x08000f8c   0x08000f8c   0x0000003c   Code   RO           31    .text.USART_Config  main.o
    0x08000fc8   0x08000fc8   0x00000020   Code   RO           33    .text.USART_SendString  main.o
    0x08000fe8   0x08000fe8   0x000000cc   Code   RO           27    .text.main          main.o
    0x080010b4   0x080010b4   0x00000010   Data   RO            8    .rodata.AHBPrescTable  system_stm32l1xx.o
    0x080010c4   0x080010c4   0x00000008   Data   RO            9    .rodata.APBPrescTable  system_stm32l1xx.o
    0x080010cc   0x080010cc   0x00000034   Data   RO          210    .rodata.CapLetterMap  stm32l152_glass_lcd.o
    0x08001100   0x08001100   0x00000014   Data   RO          211    .rodata.NumberMap   stm32l152_glass_lcd.o
    0x08001114   0x08001114   0x00000009   Data   RO            7    .rodata.PLLMulTable  system_stm32l1xx.o
    0x0800111d   0x0800111d   0x00000003   PAD
    0x08001120   0x08001120   0x00000020   Data   RO          471    Region$$Table       anon$$obj.o


    Execution Region ER_RW (Exec base: 0x20000000, Load base: 0x08001140, Size: 0x00000004, Max: 0xffffffff, ABSOLUTE)

    Exec Addr    Load Addr    Size         Type   Attr      Idx    E Section Name        Object

    0x20000000   0x08001140   0x00000004   Data   RW            6    .data.SystemCoreClock  system_stm32l1xx.o


    Execution Region ER_ZI (Exec base: 0x20000008, Load base: 0x08001144, Size: 0x000006b0, Max: 0xffffffff, ABSOLUTE)

    Exec Addr    Load Addr    Size         Type   Attr      Idx    E Section Name        Object

    0x20000008        -       0x00000060   Zero   RW          336    .bss                c_w.l(libspace.o)
    0x20000068        -       0x0000000b   Zero   RW           54    .bss..L_MergedGlobals  main.o
    0x20000073   0x08001144   0x00000001   PAD
    0x20000074        -       0x00000010   Zero   RW          214    .bss.Digit          stm32l152_glass_lcd.o
    0x20000084        -       0x00000030   Zero   RW          213    .bss.LCD_InitStructure  stm32l152_glass_lcd.o
    0x200000b4   0x08001144   0x00000004   PAD
    0x200000b8        -       0x00000200   Zero   RW           18    HEAP                startup_stm32l152xb.o
    0x200002b8        -       0x00000400   Zero   RW           17    STACK               startup_stm32l152xb.o


==============================================================================

Image component sizes


      Code (inc. data)   RO Data    RW Data    ZI Data      Debug   Object Name

       926         48          0          0         11       8605   main.o
        64         26        244          0       1536        928   startup_stm32l152xb.o
      1080         66         72          0         64      10551   stm32l152_glass_lcd.o
        60          4          0          0          0       5557   stm32l1xx_ll_adc.o
       286          0          0          0          0       4135   stm32l1xx_ll_gpio.o
       232          8          0          0          0       2661   stm32l1xx_ll_lcd.o
       212         32          0          0          0       4710   stm32l1xx_ll_rcc.o
       234         16          0          0          0       4798   stm32l1xx_ll_usart.o
        76          8          0          0          0       6789   stm32l1xx_ll_utils.o
        72         16         33          4          0       2514   system_stm32l1xx.o

    ----------------------------------------------------------------------
      3244        224        384          4       1616      51248   Object Totals
         0          0         32          0          0          0   (incl. Generated)
         2          0          3          0          5          0   (incl. Padding)

    ----------------------------------------------------------------------

      Code (inc. data)   RO Data    RW Data    ZI Data      Debug   Library Member Name

         8          0          0          0          0         68   __main.o
       104          0          0          0          0         84   __printf.o
         0          0          0          0          0          0   __rtentry.o
        12          0          0          0          0          0   __rtentry2.o
         6          0          0          0          0          0   __rtentry4.o
        52          8          0          0          0          0   __scatter.o
        26          0          0          0          0          0   __scatter_copy.o
        28          0          0          0          0          0   __scatter_zi.o
        48          6          0          0          0         96   _printf_char_common.o
         6          0          0          0          0          0   _printf_d.o
       120         16          0          0          0         92   _printf_dec.o
       178          0          0          0          0         88   _printf_intcommon.o
         0          0          0          0          0          0   _printf_percent.o
         4          0          0          0          0          0   _printf_percent_end.o
        10          0          0          0          0         68   _sputc.o
        18          0          0          0          0         80   exit.o
         6          0          0          0          0        152   heapauxi.o
         0          0          0          0          0          0   indicate_semi.o
         2          0          0          0          0          0   libinit.o
         2          0          0          0          0          0   libinit2.o
         2          0          0          0          0          0   libshutdown.o
         2          0          0          0          0          0   libshutdown2.o
         8          4          0          0         96         68   libspace.o
        40          6          0          0          0         84   noretval__2sprintf.o
         2          0          0          0          0          0   rtexit.o
        10          0          0          0          0          0   rtexit2.o
        12          4          0          0          0         68   sys_exit.o
        74          0          0          0          0         80   sys_stackheap_outer.o
         2          0          0          0          0         68   use_no_semi.o

    ----------------------------------------------------------------------
       788         44          0          0         96       1096   Library Totals
         6          0          0          0          0          0   (incl. Padding)

    ----------------------------------------------------------------------

      Code (inc. data)   RO Data    RW Data    ZI Data      Debug   Library Name

       782         44          0          0         96       1096   c_w.l

    ----------------------------------------------------------------------
       788         44          0          0         96       1096   Library Totals

    ----------------------------------------------------------------------

==============================================================================


      Code (inc. data)   RO Data    RW Data    ZI Data      Debug   

      4032        268        384          4       1712      51764   Grand Totals
      4032        268        384          4       1712      51764   ELF Image Totals
      4032        268        384          4          0          0   ROM Totals

==============================================================================

    Total RO  Size (Code + RO Data)                 4416 (   4.31kB)
    Total RW  Size (RW Data + ZI Data)              1716 (   1.68kB)
    Total ROM Size (Code + RO Data + RW Data)       4420 (   4.32kB)

==============================================================================

