<html>
<body>
<pre>
<h1>µVision Build Log</h1>
<h2>Tool Versions:</h2>
IDE-Version: µVision V5.38.0.0
Copyright (C) 2022 ARM Ltd and ARM Germany GmbH. All rights reserved.
License Information: Phankawee Chulakasian, Thai-Nichi Institute of Technology, LIC=----
 
Tool Versions:
Toolchain:       MDK-Lite  Version: 5.38.0.0
Toolchain Path:  C:\Keil_v5\ARM\ARMCLANG\Bin
C Compiler:      ArmClang.exe V6.19
Assembler:       Armasm.exe V6.19
Linker/Locator:  ArmLink.exe V6.19
Library Manager: ArmAr.exe V6.19
Hex Converter:   FromElf.exe V6.19
CPU DLL:         SARMCM3.DLL V5.38.0.0
Dialog DLL:      DCM.DLL V1.17.5.0
Target DLL:      STLink\ST-LINKIII-KEIL_SWO.dll V3.1.0.0
Dialog DLL:      TCM.DLL V1.56.4.0
 
<h2>Project:</h2>
D:\Works\Microcontroller\STM32L152rb\Lab008\Lab008_ADC\Project\MDK-ARM\STM32L152RB.uvprojx
Project File Date:  08/16/2023

<h2>Output:</h2>
*** Using Compiler 'V6.19', folder: 'C:\Keil_v5\ARM\ARMCLANG\Bin'
Rebuild target 'Demonstrate'
assembling startup_stm32l152xb.s...
compiling stm32l1xx_ll_dac.c...
compiling stm32l1xx_ll_pwr.c...
compiling stm32l1xx_ll_rcc.c...
compiling system_stm32l1xx.c...
compiling stm32l1xx_ll_gpio.c...
compiling stm32l1xx_ll_adc.c...
compiling main.c...
compiling stm32l1xx_ll_utils.c...
linking...
Program Size: Code=1272 RO-data=276 RW-data=4 ZI-data=1640  
".\Objects\STM32L152RB.axf" - 0 Error(s), 0 Warning(s).

<h2>Software Packages used:</h2>

Package Vendor: Keil
                http://www.keil.com/pack/Keil.STM32L1xx_DFP.1.4.1.pack
                Keil.STM32L1xx_DFP.1.4.1
                STMicroelectronics STM32L1 Series Device Support and Examples

<h2>Collection of Component include folders:</h2>
  C:/Users/phank/AppData/Local/Arm/Packs/Keil/STM32L1xx_DFP/1.4.1/Drivers/CMSIS/Device/ST/STM32L1xx/Include

<h2>Collection of Component Files used:</h2>
Build Time Elapsed:  00:00:01
</pre>
</body>
</html>
